HI-TECH Software C Compiler 

Linker command line:

--edf=C:\Program Files (x86)\HI-TECH Software\PICC\9.81\dat\en_msgs.txt -cs \
  -h+adc program.sym -z -Q16F887 -ol.obj -Madc program.map -E1 \
  -ACONST=00h-0FFhx32 -ACODE=00h-07FFhx4 -ASTRCODE=00h-01FFFh \
  -AENTRY=00h-0FFhx32 -ASTRING=00h-0FFhx32 -ABANK0=020h-06Fh \
  -ABANK1=0A0h-0EFh -ABANK2=0110h-016Fh -ABANK3=0190h-01EFh \
  -ARAM=020h-06Fh,0A0h-0EFh,0110h-016Fh,0190h-01EFh \
  -AABS1=020h-07Fh,0A0h-0EFh,0110h-016Fh,0190h-01EFh -ACOMMON=070h-07Fh \
  -ASFR0=00h-01Fh -ASFR1=080h-09Fh -ASFR2=0100h-010Fh -ASFR3=0180h-018Fh \
  -preset_vec=00h,intentry,init,end_init -ppowerup=CODE -pfunctab=CODE \
  -ACONFIG=02007h-02008h -pconfig=CONFIG -DCONFIG=2 -AIDLOC=02000h-02003h \
  -pidloc=IDLOC -DIDLOC=2 -AEEDATA=00h-0FFh/02100h -peeprom_data=EEDATA \
  -DEEDATA=2 -DCODE=2 -DSTRCODE=2 -DSTRING=2 -DCONST=2 -DENTRY=2 -k \
  startup.obj adc program.obj 

Object code version is 3.10

Machine type is 16F887



                Name                               Link     Load   Length Selector   Space Scale
startup.obj     end_init                              0        0        3        0       0
adc program.obj text252                             25E      25E       7B      4BC       0
                text251                             2D9      2D9       A6      5B2       0
                text250                             1EA      1EA       74      3D4       0
                text249                             184      184       66      308       0
                text248                             128      128        F      250       0
                text247                             37F      37F       C8      6FE       0
                text246                             52B      52B       EE      A56       0
                text245                             15C      15C       28      2B8       0
                text244                             149      149       13      292       0
                text243                             447      447       E4      88E       0
                maintext                            619      619      1E7      C32       0
                cstackBANK0                          20       20       37       20       1
                cstackCOMMON                         70       70        E       70       1
                bssBANK0                             57       57        E       20       1
                cinit                               137      137       12      26E       0

TOTAL           Name                               Link     Load   Length     Space
        CLASS   CONST          

        CLASS   CODE           
                end_init                              0        0        3         0
                text252                             25E      25E       7B         0
                text251                             2D9      2D9       A6         0
                text250                             1EA      1EA       74         0
                text249                             184      184       66         0
                text248                             128      128        F         0
                text247                             37F      37F       C8         0
                text246                             52B      52B       EE         0
                text245                             15C      15C       28         0
                text244                             149      149       13         0
                text243                             447      447       E4         0
                maintext                            619      619      1E7         0
                cinit                               137      137       12         0

        CLASS   STRCODE        

        CLASS   ENTRY          

        CLASS   STRING         

        CLASS   BANK0          
                cstackBANK0                          20       20       37         1
                bssBANK0                             57       57        E         1

        CLASS   BANK1          

        CLASS   BANK2          

        CLASS   BANK3          

        CLASS   RAM            

        CLASS   ABS1           
                abs_s1                               7E       7E        2         1

        CLASS   COMMON         
                cstackCOMMON                         70       70        E         1

        CLASS   SFR0           

        CLASS   SFR1           

        CLASS   SFR2           

        CLASS   SFR3           

        CLASS   CONFIG         

        CLASS   IDLOC          

        CLASS   EEDATA         



SEGMENTS        Name                           Load    Length   Top    Selector   Space  Class     Delta

                reset_vec                      000000  000003  000003         0       0  CODE        2
                cstackBANK0                    000020  000045  000065        20       1  BANK0       1
                cstackCOMMON                   000070  00000E  00007E        70       1  COMMON      1
                text248                        000128  00000F  000137       250       0  CODE        2
                cinit                          000137  000012  000149       26E       0  CODE        2
                text244                        000149  000013  00015C       292       0  CODE        2
                text245                        00015C  000028  000184       2B8       0  CODE        2
                text249                        000184  000066  0001EA       308       0  CODE        2
                text250                        0001EA  000074  00025E       3D4       0  CODE        2
                text252                        00025E  00007B  0002D9       4BC       0  CODE        2
                text251                        0002D9  0000A6  00037F       5B2       0  CODE        2
                text247                        00037F  0000C8  000447       6FE       0  CODE        2
                text243                        000447  0000E4  00052B       88E       0  CODE        2
                text246                        00052B  0000EE  000619       A56       0  CODE        2
                maintext                       000619  0001E7  000800       C32       0  CODE        2


UNUSED ADDRESS RANGES

        Name                Unused          Largest block    Delta
        BANK0            0065-006F              B           1
        BANK1            00A0-00EF             50           1
        BANK2            0110-016F             60           1
        BANK3            0190-01EF             60           1
        CODE             0003-0127            125           2
                         0800-1FFF            800
        CONFIG           2007-2008              2           2
        CONST            0003-0127             FD           2
                         0800-1FFF            100
        EEDATA           2100-21FF            100           2
        ENTRY            0003-0127             FD           2
                         0800-1FFF            100
        IDLOC            2000-2003              4           2
        RAM              0065-006F              B           1
                         00A0-00EF             50
                         0110-016F             60
                         0190-01EF             60
        SFR0             0000-001F             20           1
        SFR1             0080-009F             20           1
        SFR2             0100-010F             10           1
        SFR3             0180-018F             10           1
        STRCODE          0003-0127            125           2
                         0800-1FFF           1800
        STRING           0003-0127             FD           2
                         0800-1FFF            100

                                  Symbol Table

??___awdiv             cstackCOMMON 0074
??___awmod             cstackCOMMON 0074
??___awtoft            cstackCOMMON 007B
??___ftdiv             cstackBANK0  0040
??___ftmul             cstackBANK0  0030
??___ftpack            cstackCOMMON 0075
??___fttol             cstackBANK0  0020
??_count               cstackCOMMON 007B
??_display             cstackCOMMON 0075
??_main                cstackBANK0  004A
??_pulse               cstackCOMMON 0070
?___awdiv              cstackCOMMON 0070
?___awmod              cstackCOMMON 0070
?___awtoft             cstackCOMMON 0078
?___ftdiv              cstackBANK0  003A
?___ftmul              cstackBANK0  002A
?___ftpack             cstackCOMMON 0070
?___fttol              cstackCOMMON 0078
?_count                cstackCOMMON 0079
?_display              cstackCOMMON 0071
?_main                 cstackCOMMON 0070
?_pulse                cstackCOMMON 0070
_ADCON0                (abs)        001F
_ADCON1                (abs)        009F
_ADRESH                (abs)        001E
_ADRESL                (abs)        009E
_ANSEL                 (abs)        0188
_ANSELH                (abs)        0189
_DV                    bssBANK0     0057
_GO                    (abs)        00F9
_PORTA                 (abs)        0005
_PORTD                 (abs)        0008
_PORTE                 (abs)        0009
_RE0                   (abs)        0048
_RE1                   (abs)        0049
_RE2                   (abs)        004A
_TRISA                 (abs)        0085
_TRISD                 (abs)        0088
_TRISE                 (abs)        0089
__Habs1                abs1         0000
__Hbank0               bank0        0000
__Hbank1               bank1        0000
__Hbank2               bank2        0000
__Hbank3               bank3        0000
__HbssBANK0            bssBANK0     0000
__Hcinit               cinit        0000
__Hclrtext             clrtext      0000
__Hcode                code         0000
__Hcommon              common       0000
__Hconfig              config       0000
__HcstackBANK0         cstackBANK0  0000
__HcstackCOMMON        cstackCOMMON 0000
__Heeprom_data         eeprom_data  0000
__Hend_init            end_init     0003
__Hfunctab             functab      0000
__Hidloc               idloc        0000
__Hinit                init         0000
__Hintentry            intentry     0000
__Hmaintext            maintext     0000
__Hpowerup             powerup      0000
__Hram                 ram          0000
__Hreset_vec           reset_vec    0000
__Hsfr0                sfr0         0000
__Hsfr1                sfr1         0000
__Hsfr2                sfr2         0000
__Hsfr3                sfr3         0000
__Hstrings             strings      0000
__Htext                text         0000
__Labs1                abs1         0000
__Lbank0               bank0        0000
__Lbank1               bank1        0000
__Lbank2               bank2        0000
__Lbank3               bank3        0000
__LbssBANK0            bssBANK0     0000
__Lcinit               cinit        0000
__Lclrtext             clrtext      0000
__Lcode                code         0000
__Lcommon              common       0000
__Lconfig              config       0000
__LcstackBANK0         cstackBANK0  0000
__LcstackCOMMON        cstackCOMMON 0000
__Leeprom_data         eeprom_data  0000
__Lend_init            end_init     0000
__Lfunctab             functab      0000
__Lidloc               idloc        0000
__Linit                init         0000
__Lintentry            intentry     0000
__Lmaintext            maintext     0000
__Lpowerup             powerup      0000
__Lram                 ram          0000
__Lreset_vec           reset_vec    0000
__Lsfr0                sfr0         0000
__Lsfr1                sfr1         0000
__Lsfr2                sfr2         0000
__Lsfr3                sfr3         0000
__Lstrings             strings      0000
__Ltext                text         0000
__S0                   (abs)        0800
__S1                   (abs)        007E
__S2                   (abs)        0000
___awdiv               text250      01EA
___awdiv@counter       cstackCOMMON 0075
___awdiv@dividend      cstackCOMMON 0072
___awdiv@divisor       cstackCOMMON 0070
___awdiv@quotient      cstackCOMMON 0077
___awdiv@sign          cstackCOMMON 0076
___awmod               text249      0184
___awmod@counter       cstackCOMMON 0075
___awmod@dividend      cstackCOMMON 0072
___awmod@divisor       cstackCOMMON 0070
___awmod@sign          cstackCOMMON 0076
___awtoft              text245      015C
___awtoft@c            cstackCOMMON 0078
___awtoft@sign         cstackCOMMON 007D
___ftdiv               text247      037F
___ftdiv@cntr          cstackBANK0  0044
___ftdiv@exp           cstackBANK0  0048
___ftdiv@f1            cstackBANK0  003D
___ftdiv@f2            cstackBANK0  003A
___ftdiv@f3            cstackBANK0  0045
___ftdiv@sign          cstackBANK0  0049
___ftmul               text246      052B
___ftmul@cntr          cstackBANK0  0038
___ftmul@exp           cstackBANK0  0034
___ftmul@f1            cstackBANK0  002A
___ftmul@f2            cstackBANK0  002D
___ftmul@f3_as_product cstackBANK0  0035
___ftmul@sign          cstackBANK0  0039
___ftpack              text252      025E
___ftpack@arg          cstackCOMMON 0070
___ftpack@exp          cstackCOMMON 0073
___ftpack@sign         cstackCOMMON 0074
___fttol               text251      02D9
___fttol@exp1          cstackBANK0  0029
___fttol@f1            cstackCOMMON 0078
___fttol@lval          cstackBANK0  0025
___fttol@sign1         cstackBANK0  0024
__end_of___awdiv       text250      025E
__end_of___awmod       text249      01EA
__end_of___awtoft      text245      0184
__end_of___ftdiv       text247      0447
__end_of___ftmul       text246      0619
__end_of___ftpack      text252      02D9
__end_of___fttol       text251      037F
__end_of_count         text243      052B
__end_of_display       text244      015C
__end_of_main          maintext     0800
__end_of_pulse         text248      0137
__pbssBANK0            bssBANK0     0057
__pcstackBANK0         cstackBANK0  0020
__pcstackCOMMON        cstackCOMMON 0070
__pmaintext            maintext     0619
__ptext242             text242      0000
__ptext243             text243      0447
__ptext244             text244      0149
__ptext245             text245      015C
__ptext246             text246      052B
__ptext247             text247      037F
__ptext248             text248      0128
__ptext249             text249      0184
__ptext250             text250      01EA
__ptext251             text251      02D9
__ptext252             text252      025E
__ptext253             text253      0000
__size_of___awdiv      (abs)        0000
__size_of___awmod      (abs)        0000
__size_of___awtoft     (abs)        0000
__size_of___ftdiv      (abs)        0000
__size_of___ftmul      (abs)        0000
__size_of___ftpack     (abs)        0000
__size_of___fttol      (abs)        0000
__size_of_count        (abs)        0000
__size_of_display      (abs)        0000
__size_of_main         (abs)        0000
__size_of_pulse        (abs)        0000
_a                     bssBANK0     0059
_b                     bssBANK0     005B
_c                     bssBANK0     005D
_count                 text243      0447
_d                     bssBANK0     005F
_display               text244      0149
_exit                  init         0000
_high                  bssBANK0     0061
_low                   bssBANK0     0063
_main                  maintext     0619
_pulse                 text248      0128
btemp                  (abs)        007E
count@i                cstackCOMMON 0079
display@a              cstackCOMMON 0071
display@b              cstackCOMMON 0073
end_of_initialization  cinit        0145
intlevel0              functab      0000
intlevel1              functab      0000
intlevel2              functab      0000
intlevel3              functab      0000
intlevel4              functab      0000
intlevel5              functab      0000
main@a                 cstackBANK0  004F
main@b                 cstackBANK0  0053
main@c                 cstackBANK0  0051
main@d                 cstackBANK0  0055
main@z                 cstackBANK0  004C
reset_vec              reset_vec    0000
start                  init         0000
start_initialization   cinit        0137
wtemp0                 (abs)        007E
