HI-TECH Software C Compiler 

Linker command line:

--edf=C:\Program Files (x86)\HI-TECH Software\PICC\9.81\dat\en_msgs.txt -cs \
  -h+adc led motor.sym -z -Q16F887 -ol.obj -Madc led motor.map -E1 \
  -ACONST=00h-0FFhx32 -ACODE=00h-07FFhx4 -ASTRCODE=00h-01FFFh \
  -AENTRY=00h-0FFhx32 -ASTRING=00h-0FFhx32 -ABANK0=020h-06Fh \
  -ABANK1=0A0h-0EFh -ABANK2=0110h-016Fh -ABANK3=0190h-01EFh \
  -ARAM=020h-06Fh,0A0h-0EFh,0110h-016Fh,0190h-01EFh \
  -AABS1=020h-07Fh,0A0h-0EFh,0110h-016Fh,0190h-01EFh -ACOMMON=070h-07Fh \
  -ASFR0=00h-01Fh -ASFR1=080h-09Fh -ASFR2=0100h-010Fh -ASFR3=0180h-018Fh \
  -preset_vec=00h,intentry,init,end_init -ppowerup=CODE -pfunctab=CODE \
  -ACONFIG=02007h-02008h -pconfig=CONFIG -DCONFIG=2 -AIDLOC=02000h-02003h \
  -pidloc=IDLOC -DIDLOC=2 -AEEDATA=00h-0FFh/02100h -peeprom_data=EEDATA \
  -DEEDATA=2 -DCODE=2 -DSTRCODE=2 -DSTRING=2 -DCONST=2 -DENTRY=2 -k \
  startup.obj adc led motor.obj 

Object code version is 3.10

Machine type is 16F887



                Name                               Link     Load   Length Selector   Space Scale
startup.obj     end_init                              0        0        3        0       0
adc led motor.obj
                text252                             1C7      1C7       7B      38E       0
                text251                             242      242       A6      484       0
                text250                             153      153       74      2A6       0
                text249                              ED       ED       66      1DA       0
                text248                              91       91        F      122       0
                text247                             2E8      2E8       C8      5D0       0
                text246                             494      494       EE      928       0
                text245                              C5       C5       28      18A       0
                text244                              B2       B2       13      164       0
                text243                             3B0      3B0       E4      760       0
                maintext                            582      582      27E      B04       0
                cstackBANK0                          20       20       37       20       1
                cstackCOMMON                         70       70        E       70       1
                bssBANK0                             57       57        E       20       1
                cinit                                A0       A0       12      140       0

TOTAL           Name                               Link     Load   Length     Space
        CLASS   CONST          

        CLASS   CODE           
                end_init                              0        0        3         0
                text252                             1C7      1C7       7B         0
                text251                             242      242       A6         0
                text250                             153      153       74         0
                text249                              ED       ED       66         0
                text248                              91       91        F         0
                text247                             2E8      2E8       C8         0
                text246                             494      494       EE         0
                text245                              C5       C5       28         0
                text244                              B2       B2       13         0
                text243                             3B0      3B0       E4         0
                maintext                            582      582      27E         0
                cinit                                A0       A0       12         0

        CLASS   STRCODE        

        CLASS   ENTRY          

        CLASS   STRING         

        CLASS   BANK0          
                cstackBANK0                          20       20       37         1
                bssBANK0                             57       57        E         1

        CLASS   BANK1          

        CLASS   BANK2          

        CLASS   BANK3          

        CLASS   RAM            

        CLASS   ABS1           
                abs_s1                               7E       7E        2         1

        CLASS   COMMON         
                cstackCOMMON                         70       70        E         1

        CLASS   SFR0           

        CLASS   SFR1           

        CLASS   SFR2           

        CLASS   SFR3           

        CLASS   CONFIG         

        CLASS   IDLOC          

        CLASS   EEDATA         



SEGMENTS        Name                           Load    Length   Top    Selector   Space  Class     Delta

                reset_vec                      000000  000003  000003         0       0  CODE        2
                cstackBANK0                    000020  000045  000065        20       1  BANK0       1
                cstackCOMMON                   000070  00000E  00007E        70       1  COMMON      1
                text248                        000091  00000F  0000A0       122       0  CODE        2
                cinit                          0000A0  000012  0000B2       140       0  CODE        2
                text244                        0000B2  000013  0000C5       164       0  CODE        2
                text245                        0000C5  000028  0000ED       18A       0  CODE        2
                text249                        0000ED  000066  000153       1DA       0  CODE        2
                text250                        000153  000074  0001C7       2A6       0  CODE        2
                text252                        0001C7  00007B  000242       38E       0  CODE        2
                text251                        000242  0000A6  0002E8       484       0  CODE        2
                text247                        0002E8  0000C8  0003B0       5D0       0  CODE        2
                text243                        0003B0  0000E4  000494       760       0  CODE        2
                text246                        000494  0000EE  000582       928       0  CODE        2
                maintext                       000582  00027E  000800       B04       0  CODE        2


UNUSED ADDRESS RANGES

        Name                Unused          Largest block    Delta
        BANK0            0065-006F              B           1
        BANK1            00A0-00EF             50           1
        BANK2            0110-016F             60           1
        BANK3            0190-01EF             60           1
        CODE             0003-0090             8E           2
                         0800-1FFF            800
        CONFIG           2007-2008              2           2
        CONST            0003-0090             8E           2
                         0800-1FFF            100
        EEDATA           2100-21FF            100           2
        ENTRY            0003-0090             8E           2
                         0800-1FFF            100
        IDLOC            2000-2003              4           2
        RAM              0065-006F              B           1
                         00A0-00EF             50
                         0110-016F             60
                         0190-01EF             60
        SFR0             0000-001F             20           1
        SFR1             0080-009F             20           1
        SFR2             0100-010F             10           1
        SFR3             0180-018F             10           1
        STRCODE          0003-0090             8E           2
                         0800-1FFF           1800
        STRING           0003-0090             8E           2
                         0800-1FFF            100

                                  Symbol Table

??___awdiv             cstackCOMMON 0074
??___awmod             cstackCOMMON 0074
??___awtoft            cstackCOMMON 007B
??___ftdiv             cstackBANK0  0040
??___ftmul             cstackBANK0  0030
??___ftpack            cstackCOMMON 0075
??___fttol             cstackBANK0  0020
??_count               cstackCOMMON 007B
??_display             cstackCOMMON 0075
??_main                cstackBANK0  004A
??_pulse               cstackCOMMON 0070
?___awdiv              cstackCOMMON 0070
?___awmod              cstackCOMMON 0070
?___awtoft             cstackCOMMON 0078
?___ftdiv              cstackBANK0  003A
?___ftmul              cstackBANK0  002A
?___ftpack             cstackCOMMON 0070
?___fttol              cstackCOMMON 0078
?_count                cstackCOMMON 0079
?_display              cstackCOMMON 0071
?_main                 cstackCOMMON 0070
?_pulse                cstackCOMMON 0070
_ADCON0                (abs)        001F
_ADCON1                (abs)        009F
_ADRESH                (abs)        001E
_ADRESL                (abs)        009E
_ANSEL                 (abs)        0188
_ANSELH                (abs)        0189
_DV                    bssBANK0     0057
_GO                    (abs)        00F9
_PORTA                 (abs)        0005
_PORTB                 (abs)        0006
_PORTD                 (abs)        0008
_PORTE                 (abs)        0009
_RB0                   (abs)        0030
_RB1                   (abs)        0031
_RB2                   (abs)        0032
_RE0                   (abs)        0048
_RE1                   (abs)        0049
_RE2                   (abs)        004A
_TRISA                 (abs)        0085
_TRISB                 (abs)        0086
_TRISD                 (abs)        0088
_TRISE                 (abs)        0089
__Habs1                abs1         0000
__Hbank0               bank0        0000
__Hbank1               bank1        0000
__Hbank2               bank2        0000
__Hbank3               bank3        0000
__HbssBANK0            bssBANK0     0000
__Hcinit               cinit        0000
__Hclrtext             clrtext      0000
__Hcode                code         0000
__Hcommon              common       0000
__Hconfig              config       0000
__HcstackBANK0         cstackBANK0  0000
__HcstackCOMMON        cstackCOMMON 0000
__Heeprom_data         eeprom_data  0000
__Hend_init            end_init     0003
__Hfunctab             functab      0000
__Hidloc               idloc        0000
__Hinit                init         0000
__Hintentry            intentry     0000
__Hmaintext            maintext     0000
__Hpowerup             powerup      0000
__Hram                 ram          0000
__Hreset_vec           reset_vec    0000
__Hsfr0                sfr0         0000
__Hsfr1                sfr1         0000
__Hsfr2                sfr2         0000
__Hsfr3                sfr3         0000
__Hstrings             strings      0000
__Htext                text         0000
__Labs1                abs1         0000
__Lbank0               bank0        0000
__Lbank1               bank1        0000
__Lbank2               bank2        0000
__Lbank3               bank3        0000
__LbssBANK0            bssBANK0     0000
__Lcinit               cinit        0000
__Lclrtext             clrtext      0000
__Lcode                code         0000
__Lcommon              common       0000
__Lconfig              config       0000
__LcstackBANK0         cstackBANK0  0000
__LcstackCOMMON        cstackCOMMON 0000
__Leeprom_data         eeprom_data  0000
__Lend_init            end_init     0000
__Lfunctab             functab      0000
__Lidloc               idloc        0000
__Linit                init         0000
__Lintentry            intentry     0000
__Lmaintext            maintext     0000
__Lpowerup             powerup      0000
__Lram                 ram          0000
__Lreset_vec           reset_vec    0000
__Lsfr0                sfr0         0000
__Lsfr1                sfr1         0000
__Lsfr2                sfr2         0000
__Lsfr3                sfr3         0000
__Lstrings             strings      0000
__Ltext                text         0000
__S0                   (abs)        0800
__S1                   (abs)        007E
__S2                   (abs)        0000
___awdiv               text250      0153
___awdiv@counter       cstackCOMMON 0075
___awdiv@dividend      cstackCOMMON 0072
___awdiv@divisor       cstackCOMMON 0070
___awdiv@quotient      cstackCOMMON 0077
___awdiv@sign          cstackCOMMON 0076
___awmod               text249      00ED
___awmod@counter       cstackCOMMON 0075
___awmod@dividend      cstackCOMMON 0072
___awmod@divisor       cstackCOMMON 0070
___awmod@sign          cstackCOMMON 0076
___awtoft              text245      00C5
___awtoft@c            cstackCOMMON 0078
___awtoft@sign         cstackCOMMON 007D
___ftdiv               text247      02E8
___ftdiv@cntr          cstackBANK0  0044
___ftdiv@exp           cstackBANK0  0048
___ftdiv@f1            cstackBANK0  003D
___ftdiv@f2            cstackBANK0  003A
___ftdiv@f3            cstackBANK0  0045
___ftdiv@sign          cstackBANK0  0049
___ftmul               text246      0494
___ftmul@cntr          cstackBANK0  0038
___ftmul@exp           cstackBANK0  0034
___ftmul@f1            cstackBANK0  002A
___ftmul@f2            cstackBANK0  002D
___ftmul@f3_as_product cstackBANK0  0035
___ftmul@sign          cstackBANK0  0039
___ftpack              text252      01C7
___ftpack@arg          cstackCOMMON 0070
___ftpack@exp          cstackCOMMON 0073
___ftpack@sign         cstackCOMMON 0074
___fttol               text251      0242
___fttol@exp1          cstackBANK0  0029
___fttol@f1            cstackCOMMON 0078
___fttol@lval          cstackBANK0  0025
___fttol@sign1         cstackBANK0  0024
__end_of___awdiv       text250      01C7
__end_of___awmod       text249      0153
__end_of___awtoft      text245      00ED
__end_of___ftdiv       text247      03B0
__end_of___ftmul       text246      0582
__end_of___ftpack      text252      0242
__end_of___fttol       text251      02E8
__end_of_count         text243      0494
__end_of_display       text244      00C5
__end_of_main          maintext     0800
__end_of_pulse         text248      00A0
__pbssBANK0            bssBANK0     0057
__pcstackBANK0         cstackBANK0  0020
__pcstackCOMMON        cstackCOMMON 0070
__pmaintext            maintext     0582
__ptext242             text242      0000
__ptext243             text243      03B0
__ptext244             text244      00B2
__ptext245             text245      00C5
__ptext246             text246      0494
__ptext247             text247      02E8
__ptext248             text248      0091
__ptext249             text249      00ED
__ptext250             text250      0153
__ptext251             text251      0242
__ptext252             text252      01C7
__ptext253             text253      0000
__size_of___awdiv      (abs)        0000
__size_of___awmod      (abs)        0000
__size_of___awtoft     (abs)        0000
__size_of___ftdiv      (abs)        0000
__size_of___ftmul      (abs)        0000
__size_of___ftpack     (abs)        0000
__size_of___fttol      (abs)        0000
__size_of_count        (abs)        0000
__size_of_display      (abs)        0000
__size_of_main         (abs)        0000
__size_of_pulse        (abs)        0000
_a                     bssBANK0     0059
_b                     bssBANK0     005B
_c                     bssBANK0     005D
_count                 text243      03B0
_d                     bssBANK0     005F
_display               text244      00B2
_exit                  init         0000
_high                  bssBANK0     0061
_low                   bssBANK0     0063
_main                  maintext     0582
_pulse                 text248      0091
btemp                  (abs)        007E
count@i                cstackCOMMON 0079
display@a              cstackCOMMON 0071
display@b              cstackCOMMON 0073
end_of_initialization  cinit        00AE
intlevel0              functab      0000
intlevel1              functab      0000
intlevel2              functab      0000
intlevel3              functab      0000
intlevel4              functab      0000
intlevel5              functab      0000
main@a                 cstackBANK0  004F
main@b                 cstackBANK0  0053
main@c                 cstackBANK0  0051
main@d                 cstackBANK0  0055
main@z                 cstackBANK0  004C
reset_vec              reset_vec    0000
start                  init         0000
start_initialization   cinit        00A0
wtemp0                 (abs)        007E
