

HI-TECH Software PIC LITE Macro Assembler V9.81 build 7503 
                                                                                               Thu Mar 23 14:31:16 2023

HI-TECH Software Omniscient Code Generator (Lite mode) build 7503
     1  0000                     opt subtitle "HI-TECH Software Omniscient Code Generator (Lite mode) build 7503"
     2                           
     3                           opt pagewidth 120
     4                           
     5                           	opt lm
     6                           
     7                           	processor	16F887
     8                           clrc	macro
     9                           	bcf	3,0
    10  0000                     	endm
    11                           clrz	macro
    12                           	bcf	3,2
    13  0000                     	endm
    14                           setc	macro
    15                           	bsf	3,0
    16  0000                     	endm
    17                           setz	macro
    18                           	bsf	3,2
    19  0000                     	endm
    20                           skipc	macro
    21                           	btfss	3,0
    22  0000                     	endm
    23                           skipz	macro
    24                           	btfss	3,2
    25  0000                     	endm
    26                           skipnc	macro
    27                           	btfsc	3,0
    28  0000                     	endm
    29                           skipnz	macro
    30                           	btfsc	3,2
    31  0000                     	endm
    32  0000                     indf	equ	0
    33  0000                     indf0	equ	0
    34  0002                     pc	equ	2
    35  0002                     pcl	equ	2
    36  0003                     status	equ	3
    37  0004                     fsr	equ	4
    38  0004                     fsr0	equ	4
    39  0001                     c	equ	1
    40  0000                     z	equ	0
    41  000A                     pclath	equ	10
    42                           	FNCALL	_main,_type
    43                           	FNCALL	_main,_on
    44                           	FNCALL	_main,_address
    45                           	FNCALL	_main,_display
    46                           	FNCALL	_main,_call
    47                           	FNCALL	_display,_pulse
    48                           	FNCALL	_address,_pulse
    49                           	FNCALL	_call,_pulse
    50                           	FNCALL	_on,_pulse
    51                           	FNCALL	_type,_pulse
    52                           	FNROOT	_main
    53                           	global	_PORTA
    54                           psect	text120,local,class=CODE,delta=2
    55                           global __ptext120
    56  0000                     __ptext120:
    57  0005                     _PORTA	set	5
    58                           	global	_PORTB
    59  0006                     _PORTB	set	6
    60                           	global	_PORTC
    61  0007                     _PORTC	set	7
    62                           	global	_RB0
    63  0030                     _RB0	set	48
    64                           	global	_RB1
    65  0031                     _RB1	set	49
    66                           	global	_RB2
    67  0032                     _RB2	set	50
    68                           	global	_RC0
    69  0038                     _RC0	set	56
    70                           	global	_RC1
    71  0039                     _RC1	set	57
    72                           	global	_RC2
    73  003A                     _RC2	set	58
    74                           	global	_RC3
    75  003B                     _RC3	set	59
    76                           	global	_RC4
    77  003C                     _RC4	set	60
    78                           	global	_RC5
    79  003D                     _RC5	set	61
    80                           	global	_RC6
    81  003E                     _RC6	set	62
    82                           	global	_TRISA
    83  0085                     _TRISA	set	133
    84                           	global	_TRISB
    85  0086                     _TRISB	set	134
    86                           	global	_TRISC
    87  0087                     _TRISC	set	135
    88                           	global	_ANSEL
    89  0188                     _ANSEL	set	392
    90                           	global	_ANSELH
    91  0189                     _ANSELH	set	393
    92                           psect	strings,class=STRING,delta=2
    93                           global __pstrings
    94  0003                     __pstrings:
    95                           ;	global	stringdir,stringtab,__stringbase
    96  0003                     stringtab:
    97                           ;	String table - string pointers are 1 byte each
    98  0003                     stringcode:stringdir:
      + 0003                     stringdir:	
    99  0003  3000               movlw high(stringdir)
   100  0004  008A               movwf pclath
   101  0005  0804               movf fsr,w
   102  0006  0A84               incf fsr
   103  0007  0782               	addwf pc
   104  0008                     __stringbase:
   105  0008  3400               	retlw	0
   106                           psect	strings
   107                           	
   108  0009                     STR_2:	
   109  0009  346E               	retlw	110	;'n'
   110  000A  346F               	retlw	111	;'o'
   111  000B  3474               	retlw	116	;'t'
   112  000C  3420               	retlw	32	;' '
   113  000D  3476               	retlw	118	;'v'
   114  000E  3461               	retlw	97	;'a'
   115  000F  346C               	retlw	108	;'l'
   116  0010  3469               	retlw	105	;'i'
   117  0011  3464               	retlw	100	;'d'
   118  0012  3400               	retlw	0
   119                           psect	strings
   120                           	
   121  0013                     STR_1:	
   122  0013  3463               	retlw	99	;'c'
   123  0014  3461               	retlw	97	;'a'
   124  0015  346C               	retlw	108	;'l'
   125  0016  346C               	retlw	108	;'l'
   126  0017  3469               	retlw	105	;'i'
   127  0018  346E               	retlw	110	;'n'
   128  0019  3467               	retlw	103	;'g'
   129  001A  3400               	retlw	0
   130                           psect	strings
   131                           	file	"keypad add.as"
   132                           	line	#
   133                           psect cinit,class=CODE,delta=2
   134                           global start_initialization
   135  0624                     start_initialization:
   136                           
   137                           psect cinit,class=CODE,delta=2
   138                           global end_of_initialization
   139                           
   140                           ;End of C runtime variable initialization code
   141                           
   142  0624                     end_of_initialization:
   143  0624  0183               clrf status
   144  0625  120A  118A  2E99   ljmp _main	;jump to C main() function
   145                           psect	cstackCOMMON,class=COMMON,space=1
   146                           global __pcstackCOMMON
   147  0070                     __pcstackCOMMON:
   148                           	global	?_pulse
   149  0070                     ?_pulse:	; 0 bytes @ 0x0
   150                           	global	??_pulse
   151  0070                     ??_pulse:	; 0 bytes @ 0x0
   152                           	global	?_type
   153  0070                     ?_type:	; 0 bytes @ 0x0
   154                           	global	?_on
   155  0070                     ?_on:	; 0 bytes @ 0x0
   156                           	global	?_call
   157  0070                     ?_call:	; 0 bytes @ 0x0
   158                           	global	?_main
   159  0070                     ?_main:	; 0 bytes @ 0x0
   160  0070                     	ds	2
   161                           	global	??_type
   162  0072                     ??_type:	; 0 bytes @ 0x2
   163                           	global	??_on
   164  0072                     ??_on:	; 0 bytes @ 0x2
   165                           	global	??_call
   166  0072                     ??_call:	; 0 bytes @ 0x2
   167                           	global	?_address
   168  0072                     ?_address:	; 0 bytes @ 0x2
   169                           	global	?_display
   170  0072                     ?_display:	; 0 bytes @ 0x2
   171                           	global	address@c
   172  0072                     address@c:	; 2 bytes @ 0x2
   173                           	global	display@a
   174  0072                     display@a:	; 2 bytes @ 0x2
   175  0072                     	ds	1
   176                           	global	call@name
   177  0073                     call@name:	; 1 bytes @ 0x3
   178  0073                     	ds	1
   179                           	global	??_address
   180  0074                     ??_address:	; 0 bytes @ 0x4
   181                           	global	??_display
   182  0074                     ??_display:	; 0 bytes @ 0x4
   183                           	global	??_main
   184  0074                     ??_main:	; 0 bytes @ 0x4
   185                           	global	main@count
   186  0074                     main@count:	; 2 bytes @ 0x4
   187  0074                     	ds	2
   188 ;;Data sizes: Strings 18, constant 0, data 0, bss 0, persistent 0 stack 0
   189 ;;Auto spaces:   Size  Autos    Used
   190 ;; COMMON          14      6       6
   191 ;; BANK0           80      0       0
   192 ;; BANK1           80      0       0
   193 ;; BANK3           96      0       0
   194 ;; BANK2           96      0       0
   195                           
   196 ;;
   197 ;; Pointer list with targets:
   198                           
   199 ;; call@name	PTR unsigned char  size(1) Largest target is 10
   200 ;;		 -> STR_2(CODE[10]), STR_1(CODE[8]), 
   201 ;;
   202                           
   203                           
   204 ;;
   205 ;; Critical Paths under _main in COMMON
   206 ;;
   207 ;;   _main->_address
   208 ;;   _main->_display
   209 ;;   _main->_call
   210 ;;   _display->_pulse
   211 ;;   _address->_pulse
   212 ;;   _call->_pulse
   213 ;;   _on->_pulse
   214 ;;   _type->_pulse
   215 ;;
   216 ;; Critical Paths under _main in BANK0
   217 ;;
   218 ;;   None.
   219 ;;
   220 ;; Critical Paths under _main in BANK1
   221 ;;
   222 ;;   None.
   223 ;;
   224 ;; Critical Paths under _main in BANK3
   225 ;;
   226 ;;   None.
   227 ;;
   228 ;; Critical Paths under _main in BANK2
   229 ;;
   230 ;;   None.
   231                           
   232 ;;
   233 ;;Main: autosize = 0, tempsize = 0, incstack = 0, save=0
   234 ;;
   235                           
   236 ;;
   237 ;;Call Graph Tables:
   238 ;;
   239 ;; ---------------------------------------------------------------------------------
   240 ;; (Depth) Function   	        Calls       Base Space   Used Autos Params    Refs
   241 ;; ---------------------------------------------------------------------------------
   242 ;; (0) _main                                                 2     2      0      90
   243 ;;                                              4 COMMON     2     2      0
   244 ;;                               _type
   245 ;;                                 _on
   246 ;;                            _address
   247 ;;                            _display
   248 ;;                               _call
   249 ;; ---------------------------------------------------------------------------------
   250 ;; (1) _display                                              2     0      2      15
   251 ;;                                              2 COMMON     2     0      2
   252 ;;                              _pulse
   253 ;; ---------------------------------------------------------------------------------
   254 ;; (1) _address                                              2     0      2      15
   255 ;;                                              2 COMMON     2     0      2
   256 ;;                              _pulse
   257 ;; ---------------------------------------------------------------------------------
   258 ;; (1) _call                                                 2     2      0      30
   259 ;;                                              2 COMMON     2     2      0
   260 ;;                              _pulse
   261 ;; ---------------------------------------------------------------------------------
   262 ;; (1) _on                                                   0     0      0       0
   263 ;;                              _pulse
   264 ;; ---------------------------------------------------------------------------------
   265 ;; (1) _type                                                 0     0      0       0
   266 ;;                              _pulse
   267 ;; ---------------------------------------------------------------------------------
   268 ;; (2) _pulse                                                2     2      0       0
   269 ;;                                              0 COMMON     2     2      0
   270 ;; ---------------------------------------------------------------------------------
   271 ;; Estimated maximum stack depth 2
   272 ;; ---------------------------------------------------------------------------------
   273                           
   274 ;; Call Graph Graphs:
   275                           
   276 ;; _main (ROOT)
   277 ;;   _type
   278 ;;     _pulse
   279 ;;   _on
   280 ;;     _pulse
   281 ;;   _address
   282 ;;     _pulse
   283 ;;   _display
   284 ;;     _pulse
   285 ;;   _call
   286 ;;     _pulse
   287 ;;
   288                           
   289 ;; Address spaces:
   290                           
   291 ;;Name               Size   Autos  Total    Cost      Usage
   292 ;;BITCOMMON            E      0       0       0        0.0%
   293 ;;EEDATA             100      0       0       0        0.0%
   294 ;;NULL                 0      0       0       0        0.0%
   295 ;;CODE                 0      0       0       0        0.0%
   296 ;;COMMON               E      6       6       1       42.9%
   297 ;;BITSFR0              0      0       0       1        0.0%
   298 ;;SFR0                 0      0       0       1        0.0%
   299 ;;BITSFR1              0      0       0       2        0.0%
   300 ;;SFR1                 0      0       0       2        0.0%
   301 ;;STACK                0      0       2       2        0.0%
   302 ;;ABS                  0      0       0       3        0.0%
   303 ;;BITBANK0            50      0       0       4        0.0%
   304 ;;BITSFR3              0      0       0       4        0.0%
   305 ;;SFR3                 0      0       0       4        0.0%
   306 ;;BANK0               50      0       0       5        0.0%
   307 ;;BITSFR2              0      0       0       5        0.0%
   308 ;;SFR2                 0      0       0       5        0.0%
   309 ;;BITBANK1            50      0       0       6        0.0%
   310 ;;BANK1               50      0       0       7        0.0%
   311 ;;BITBANK3            60      0       0       8        0.0%
   312 ;;BANK3               60      0       0       9        0.0%
   313 ;;BITBANK2            60      0       0      10        0.0%
   314 ;;BANK2               60      0       0      11        0.0%
   315 ;;DATA                 0      0       0      12        0.0%
   316                           
   317                           	global	_main
   318                           psect	maintext,global,class=CODE,delta=2
   319                           global __pmaintext
   320  0699                     __pmaintext:
   321                           
   322 ;; *************** function _main *****************
   323 ;; Defined at:
   324 ;;		line 45 in file "D:\New folder\keypad add.c"
   325 ;; Parameters:    Size  Location     Type
   326 ;;		None
   327 ;; Auto vars:     Size  Location     Type
   328 ;;  count           2    4[COMMON] int 
   329 ;; Return value:  Size  Location     Type
   330 ;;		None               void
   331 ;; Registers used:
   332 ;;		wreg, fsr0l, fsr0h, status,2, status,0, pclath, cstack
   333 ;; Tracked objects:
   334 ;;		On entry : 17F/0
   335 ;;		On exit  : 0/0
   336 ;;		Unchanged: 0/0
   337 ;; Data sizes:     COMMON   BANK0   BANK1   BANK3   BANK2
   338 ;;      Params:         0       0       0       0       0
   339 ;;      Locals:         2       0       0       0       0
   340 ;;      Temps:          0       0       0       0       0
   341 ;;      Totals:         2       0       0       0       0
   342 ;;Total ram usage:        2 bytes
   343 ;; Hardware stack levels required when called:    2
   344 ;; This function calls:
   345 ;;		_type
   346 ;;		_on
   347 ;;		_address
   348 ;;		_display
   349 ;;		_call
   350 ;; This function is called by:
   351 ;;		Startup code after reset
   352 ;; This function uses a non-reentrant model
   353 ;;
   354                           psect	maintext
   355                           	file	"D:\New folder\keypad add.c"
   356                           	line	45
   357                           	global	__size_of_main
   358  0167                     	__size_of_main	equ	__end_of_main-_main
   359                           	
   360  0699                     _main:	
   361                           	opt	stack 6
   362                           ; Regs used in _main: [wreg-fsr0h+status,2+status,0+pclath+cstack]
   363                           	line	46
   364                           	
   365  0699                     l2269:	
   366                           ;keypad add.c: 46: int count=0;
   367  0699  01F4               	clrf	(main@count)
   368  069A  01F5               	clrf	(main@count+1)
   369                           	line	47
   370                           ;keypad add.c: 47: TRISA=0X00;
   371  069B  1683               	bsf	status, 5	;RP0=1, select bank1
   372  069C  1303               	bcf	status, 6	;RP1=0, select bank1
   373  069D  0185               	clrf	(133)^080h	;volatile
   374                           	line	48
   375                           ;keypad add.c: 48: PORTA=0X00;
   376  069E  1283               	bcf	status, 5	;RP0=0, select bank0
   377  069F  1303               	bcf	status, 6	;RP1=0, select bank0
   378  06A0  0185               	clrf	(5)	;volatile
   379                           	line	49
   380                           	
   381  06A1                     l2271:	
   382                           ;keypad add.c: 49: TRISC=0X78;
   383  06A1  3078               	movlw	(078h)
   384  06A2  1683               	bsf	status, 5	;RP0=1, select bank1
   385  06A3  1303               	bcf	status, 6	;RP1=0, select bank1
   386  06A4  0087               	movwf	(135)^080h	;volatile
   387                           	line	50
   388                           	
   389  06A5                     l2273:	
   390                           ;keypad add.c: 50: PORTC=0X00;
   391  06A5  1283               	bcf	status, 5	;RP0=0, select bank0
   392  06A6  1303               	bcf	status, 6	;RP1=0, select bank0
   393  06A7  0187               	clrf	(7)	;volatile
   394                           	line	51
   395                           ;keypad add.c: 51: TRISB=0Xf8;
   396  06A8  30F8               	movlw	(0F8h)
   397  06A9  1683               	bsf	status, 5	;RP0=1, select bank1
   398  06AA  1303               	bcf	status, 6	;RP1=0, select bank1
   399  06AB  0086               	movwf	(134)^080h	;volatile
   400                           	line	52
   401                           	
   402  06AC                     l2275:	
   403                           ;keypad add.c: 52: PORTB=0X00;
   404  06AC  1283               	bcf	status, 5	;RP0=0, select bank0
   405  06AD  1303               	bcf	status, 6	;RP1=0, select bank0
   406  06AE  0186               	clrf	(6)	;volatile
   407                           	line	53
   408                           	
   409  06AF                     l2277:	
   410                           ;keypad add.c: 53: ANSEL=0X00;
   411  06AF  1683               	bsf	status, 5	;RP0=1, select bank3
   412  06B0  1703               	bsf	status, 6	;RP1=1, select bank3
   413  06B1  0188               	clrf	(392)^0180h	;volatile
   414                           	line	54
   415                           	
   416  06B2                     l2279:	
   417                           ;keypad add.c: 54: ANSELH=0X00;
   418  06B2  0189               	clrf	(393)^0180h	;volatile
   419                           	line	55
   420                           	
   421  06B3                     l2281:	
   422                           ;keypad add.c: 55: type();
   423  06B3  120A  118A  2628   	fcall	_type
              120A  118A         
   424                           	line	56
   425                           	
   426  06B8                     l2283:	
   427                           ;keypad add.c: 56: on();
   428  06B8  120A  118A  2634   	fcall	_on
              120A  118A         
   429                           	line	57
   430                           	
   431  06BD                     l2285:	
   432                           ;keypad add.c: 57: address(0x80);
   433  06BD  3080               	movlw	low(080h)
   434  06BE  00F2               	movwf	(?_address)
   435  06BF  3000               	movlw	high(080h)
   436  06C0  00F3               	movwf	((?_address))+1
   437  06C1  120A  118A  2640   	fcall	_address
              120A  118A         
   438  06C6  2EC7               	goto	l2287
   439                           	line	58
   440                           ;keypad add.c: 58: while(1)
   441                           	
   442  06C7                     l1048:	
   443                           	line	60
   444                           	
   445  06C7                     l2287:	
   446                           ;keypad add.c: 59: {
   447                           ;keypad add.c: 60: RC1=0;RC2=0;RC0=1;
   448  06C7  1283               	bcf	status, 5	;RP0=0, select bank0
   449  06C8  1303               	bcf	status, 6	;RP1=0, select bank0
   450  06C9  1087               	bcf	(57/8),(57)&7
   451                           	
   452  06CA                     l2289:	
   453  06CA  1107               	bcf	(58/8),(58)&7
   454                           	
   455  06CB                     l2291:	
   456  06CB  1407               	bsf	(56/8),(56)&7
   457                           	line	61
   458                           	
   459  06CC                     l2293:	
   460                           ;keypad add.c: 61: if(RC3==1)
   461  06CC  1D87               	btfss	(59/8),(59)&7
   462  06CD  2ECF               	goto	u2151
   463  06CE  2ED0               	goto	u2150
   464  06CF                     u2151:
   465  06CF  2EE7               	goto	l1049
   466  06D0                     u2150:
   467                           	line	63
   468                           	
   469  06D0                     l2295:	
   470                           ;keypad add.c: 62: {
   471                           ;keypad add.c: 63: display(0x31);
   472  06D0  3031               	movlw	low(031h)
   473  06D1  00F2               	movwf	(?_display)
   474  06D2  3000               	movlw	high(031h)
   475  06D3  00F3               	movwf	((?_display))+1
   476  06D4  120A  118A  264C   	fcall	_display
              120A  118A         
   477                           	line	64
   478                           	
   479  06D9                     l2297:	
   480                           ;keypad add.c: 64: count++;
   481  06D9  3001               	movlw	low(01h)
   482  06DA  07F4               	addwf	(main@count),f
   483  06DB  1803               	skipnc
   484  06DC  0AF5               	incf	(main@count+1),f
   485  06DD  3000               	movlw	high(01h)
   486  06DE  07F5               	addwf	(main@count+1),f
   487                           	line	65
   488                           ;keypad add.c: 65: while(RC3==1);
   489  06DF  2EE0               	goto	l1050
   490                           	
   491  06E0                     l1051:	
   492                           	
   493  06E0                     l1050:	
   494  06E0  1283               	bcf	status, 5	;RP0=0, select bank0
   495  06E1  1303               	bcf	status, 6	;RP1=0, select bank0
   496  06E2  1987               	btfsc	(59/8),(59)&7
   497  06E3  2EE5               	goto	u2161
   498  06E4  2EE6               	goto	u2160
   499  06E5                     u2161:
   500  06E5  2EE0               	goto	l1050
   501  06E6                     u2160:
   502  06E6  2EE7               	goto	l1049
   503                           	
   504  06E7                     l1052:	
   505                           	line	66
   506                           	
   507  06E7                     l1049:	
   508                           	line	67
   509                           ;keypad add.c: 66: }
   510                           ;keypad add.c: 67: if(RC4==1)
   511  06E7  1E07               	btfss	(60/8),(60)&7
   512  06E8  2EEA               	goto	u2171
   513  06E9  2EEB               	goto	u2170
   514  06EA                     u2171:
   515  06EA  2F02               	goto	l1053
   516  06EB                     u2170:
   517                           	line	69
   518                           	
   519  06EB                     l2299:	
   520                           ;keypad add.c: 68: {
   521                           ;keypad add.c: 69: display(0x34);
   522  06EB  3034               	movlw	low(034h)
   523  06EC  00F2               	movwf	(?_display)
   524  06ED  3000               	movlw	high(034h)
   525  06EE  00F3               	movwf	((?_display))+1
   526  06EF  120A  118A  264C   	fcall	_display
              120A  118A         
   527                           	line	70
   528                           	
   529  06F4                     l2301:	
   530                           ;keypad add.c: 70: count++;
   531  06F4  3001               	movlw	low(01h)
   532  06F5  07F4               	addwf	(main@count),f
   533  06F6  1803               	skipnc
   534  06F7  0AF5               	incf	(main@count+1),f
   535  06F8  3000               	movlw	high(01h)
   536  06F9  07F5               	addwf	(main@count+1),f
   537                           	line	71
   538                           ;keypad add.c: 71: while(RC4==1);
   539  06FA  2EFB               	goto	l1054
   540                           	
   541  06FB                     l1055:	
   542                           	
   543  06FB                     l1054:	
   544  06FB  1283               	bcf	status, 5	;RP0=0, select bank0
   545  06FC  1303               	bcf	status, 6	;RP1=0, select bank0
   546  06FD  1A07               	btfsc	(60/8),(60)&7
   547  06FE  2F00               	goto	u2181
   548  06FF  2F01               	goto	u2180
   549  0700                     u2181:
   550  0700  2EFB               	goto	l1054
   551  0701                     u2180:
   552  0701  2F02               	goto	l1053
   553                           	
   554  0702                     l1056:	
   555                           	line	72
   556                           	
   557  0702                     l1053:	
   558                           	line	73
   559                           ;keypad add.c: 72: }
   560                           ;keypad add.c: 73: if(RC5==1)
   561  0702  1E87               	btfss	(61/8),(61)&7
   562  0703  2F05               	goto	u2191
   563  0704  2F06               	goto	u2190
   564  0705                     u2191:
   565  0705  2F1D               	goto	l1057
   566  0706                     u2190:
   567                           	line	75
   568                           	
   569  0706                     l2303:	
   570                           ;keypad add.c: 74: {
   571                           ;keypad add.c: 75: display(0x37);
   572  0706  3037               	movlw	low(037h)
   573  0707  00F2               	movwf	(?_display)
   574  0708  3000               	movlw	high(037h)
   575  0709  00F3               	movwf	((?_display))+1
   576  070A  120A  118A  264C   	fcall	_display
              120A  118A         
   577                           	line	76
   578                           	
   579  070F                     l2305:	
   580                           ;keypad add.c: 76: count++;
   581  070F  3001               	movlw	low(01h)
   582  0710  07F4               	addwf	(main@count),f
   583  0711  1803               	skipnc
   584  0712  0AF5               	incf	(main@count+1),f
   585  0713  3000               	movlw	high(01h)
   586  0714  07F5               	addwf	(main@count+1),f
   587                           	line	77
   588                           ;keypad add.c: 77: while(RC5==1);
   589  0715  2F16               	goto	l1058
   590                           	
   591  0716                     l1059:	
   592                           	
   593  0716                     l1058:	
   594  0716  1283               	bcf	status, 5	;RP0=0, select bank0
   595  0717  1303               	bcf	status, 6	;RP1=0, select bank0
   596  0718  1A87               	btfsc	(61/8),(61)&7
   597  0719  2F1B               	goto	u2201
   598  071A  2F1C               	goto	u2200
   599  071B                     u2201:
   600  071B  2F16               	goto	l1058
   601  071C                     u2200:
   602  071C  2F1D               	goto	l1057
   603                           	
   604  071D                     l1060:	
   605                           	line	78
   606                           	
   607  071D                     l1057:	
   608                           	line	79
   609                           ;keypad add.c: 78: }
   610                           ;keypad add.c: 79: RC0=0;RC2=0;RC1=1;
   611  071D  1007               	bcf	(56/8),(56)&7
   612  071E  1107               	bcf	(58/8),(58)&7
   613  071F  1487               	bsf	(57/8),(57)&7
   614                           	line	80
   615                           ;keypad add.c: 80: if(RC3==1)
   616  0720  1D87               	btfss	(59/8),(59)&7
   617  0721  2F23               	goto	u2211
   618  0722  2F24               	goto	u2210
   619  0723                     u2211:
   620  0723  2F3B               	goto	l1061
   621  0724                     u2210:
   622                           	line	82
   623                           	
   624  0724                     l2307:	
   625                           ;keypad add.c: 81: {
   626                           ;keypad add.c: 82: display(0x32);
   627  0724  3032               	movlw	low(032h)
   628  0725  00F2               	movwf	(?_display)
   629  0726  3000               	movlw	high(032h)
   630  0727  00F3               	movwf	((?_display))+1
   631  0728  120A  118A  264C   	fcall	_display
              120A  118A         
   632                           	line	83
   633                           	
   634  072D                     l2309:	
   635                           ;keypad add.c: 83: count++;
   636  072D  3001               	movlw	low(01h)
   637  072E  07F4               	addwf	(main@count),f
   638  072F  1803               	skipnc
   639  0730  0AF5               	incf	(main@count+1),f
   640  0731  3000               	movlw	high(01h)
   641  0732  07F5               	addwf	(main@count+1),f
   642                           	line	84
   643                           ;keypad add.c: 84: while(RC3==1);
   644  0733  2F34               	goto	l1062
   645                           	
   646  0734                     l1063:	
   647                           	
   648  0734                     l1062:	
   649  0734  1283               	bcf	status, 5	;RP0=0, select bank0
   650  0735  1303               	bcf	status, 6	;RP1=0, select bank0
   651  0736  1987               	btfsc	(59/8),(59)&7
   652  0737  2F39               	goto	u2221
   653  0738  2F3A               	goto	u2220
   654  0739                     u2221:
   655  0739  2F34               	goto	l1062
   656  073A                     u2220:
   657  073A  2F3B               	goto	l1061
   658                           	
   659  073B                     l1064:	
   660                           	line	85
   661                           	
   662  073B                     l1061:	
   663                           	line	86
   664                           ;keypad add.c: 85: }
   665                           ;keypad add.c: 86: if(RC4==1)
   666  073B  1E07               	btfss	(60/8),(60)&7
   667  073C  2F3E               	goto	u2231
   668  073D  2F3F               	goto	u2230
   669  073E                     u2231:
   670  073E  2F56               	goto	l1065
   671  073F                     u2230:
   672                           	line	88
   673                           	
   674  073F                     l2311:	
   675                           ;keypad add.c: 87: {
   676                           ;keypad add.c: 88: display(0x35);
   677  073F  3035               	movlw	low(035h)
   678  0740  00F2               	movwf	(?_display)
   679  0741  3000               	movlw	high(035h)
   680  0742  00F3               	movwf	((?_display))+1
   681  0743  120A  118A  264C   	fcall	_display
              120A  118A         
   682                           	line	89
   683                           	
   684  0748                     l2313:	
   685                           ;keypad add.c: 89: count++;
   686  0748  3001               	movlw	low(01h)
   687  0749  07F4               	addwf	(main@count),f
   688  074A  1803               	skipnc
   689  074B  0AF5               	incf	(main@count+1),f
   690  074C  3000               	movlw	high(01h)
   691  074D  07F5               	addwf	(main@count+1),f
   692                           	line	90
   693                           ;keypad add.c: 90: while(RC4==1);
   694  074E  2F4F               	goto	l1066
   695                           	
   696  074F                     l1067:	
   697                           	
   698  074F                     l1066:	
   699  074F  1283               	bcf	status, 5	;RP0=0, select bank0
   700  0750  1303               	bcf	status, 6	;RP1=0, select bank0
   701  0751  1A07               	btfsc	(60/8),(60)&7
   702  0752  2F54               	goto	u2241
   703  0753  2F55               	goto	u2240
   704  0754                     u2241:
   705  0754  2F4F               	goto	l1066
   706  0755                     u2240:
   707  0755  2F56               	goto	l1065
   708                           	
   709  0756                     l1068:	
   710                           	line	91
   711                           	
   712  0756                     l1065:	
   713                           	line	92
   714                           ;keypad add.c: 91: }
   715                           ;keypad add.c: 92: if(RC5==1)
   716  0756  1E87               	btfss	(61/8),(61)&7
   717  0757  2F59               	goto	u2251
   718  0758  2F5A               	goto	u2250
   719  0759                     u2251:
   720  0759  2F71               	goto	l1069
   721  075A                     u2250:
   722                           	line	94
   723                           	
   724  075A                     l2315:	
   725                           ;keypad add.c: 93: {
   726                           ;keypad add.c: 94: display(0x38);
   727  075A  3038               	movlw	low(038h)
   728  075B  00F2               	movwf	(?_display)
   729  075C  3000               	movlw	high(038h)
   730  075D  00F3               	movwf	((?_display))+1
   731  075E  120A  118A  264C   	fcall	_display
              120A  118A         
   732                           	line	95
   733                           	
   734  0763                     l2317:	
   735                           ;keypad add.c: 95: count++;
   736  0763  3001               	movlw	low(01h)
   737  0764  07F4               	addwf	(main@count),f
   738  0765  1803               	skipnc
   739  0766  0AF5               	incf	(main@count+1),f
   740  0767  3000               	movlw	high(01h)
   741  0768  07F5               	addwf	(main@count+1),f
   742                           	line	96
   743                           ;keypad add.c: 96: while(RC5==1);
   744  0769  2F6A               	goto	l1070
   745                           	
   746  076A                     l1071:	
   747                           	
   748  076A                     l1070:	
   749  076A  1283               	bcf	status, 5	;RP0=0, select bank0
   750  076B  1303               	bcf	status, 6	;RP1=0, select bank0
   751  076C  1A87               	btfsc	(61/8),(61)&7
   752  076D  2F6F               	goto	u2261
   753  076E  2F70               	goto	u2260
   754  076F                     u2261:
   755  076F  2F6A               	goto	l1070
   756  0770                     u2260:
   757  0770  2F71               	goto	l1069
   758                           	
   759  0771                     l1072:	
   760                           	line	97
   761                           	
   762  0771                     l1069:	
   763                           	line	104
   764                           ;keypad add.c: 97: }
   765                           ;keypad add.c: 104: RC1=0;RC0=0;RC2=1;
   766  0771  1087               	bcf	(57/8),(57)&7
   767  0772  1007               	bcf	(56/8),(56)&7
   768  0773  1507               	bsf	(58/8),(58)&7
   769                           	line	105
   770                           ;keypad add.c: 105: if(RC3==1)
   771  0774  1D87               	btfss	(59/8),(59)&7
   772  0775  2F77               	goto	u2271
   773  0776  2F78               	goto	u2270
   774  0777                     u2271:
   775  0777  2F8F               	goto	l1073
   776  0778                     u2270:
   777                           	line	107
   778                           	
   779  0778                     l2319:	
   780                           ;keypad add.c: 106: {
   781                           ;keypad add.c: 107: display(0x33);
   782  0778  3033               	movlw	low(033h)
   783  0779  00F2               	movwf	(?_display)
   784  077A  3000               	movlw	high(033h)
   785  077B  00F3               	movwf	((?_display))+1
   786  077C  120A  118A  264C   	fcall	_display
              120A  118A         
   787                           	line	108
   788                           	
   789  0781                     l2321:	
   790                           ;keypad add.c: 108: count++;
   791  0781  3001               	movlw	low(01h)
   792  0782  07F4               	addwf	(main@count),f
   793  0783  1803               	skipnc
   794  0784  0AF5               	incf	(main@count+1),f
   795  0785  3000               	movlw	high(01h)
   796  0786  07F5               	addwf	(main@count+1),f
   797                           	line	109
   798                           ;keypad add.c: 109: while(RC3==1);
   799  0787  2F88               	goto	l1074
   800                           	
   801  0788                     l1075:	
   802                           	
   803  0788                     l1074:	
   804  0788  1283               	bcf	status, 5	;RP0=0, select bank0
   805  0789  1303               	bcf	status, 6	;RP1=0, select bank0
   806  078A  1987               	btfsc	(59/8),(59)&7
   807  078B  2F8D               	goto	u2281
   808  078C  2F8E               	goto	u2280
   809  078D                     u2281:
   810  078D  2F88               	goto	l1074
   811  078E                     u2280:
   812  078E  2F8F               	goto	l1073
   813                           	
   814  078F                     l1076:	
   815                           	line	110
   816                           	
   817  078F                     l1073:	
   818                           	line	111
   819                           ;keypad add.c: 110: }
   820                           ;keypad add.c: 111: if(RC4==1)
   821  078F  1E07               	btfss	(60/8),(60)&7
   822  0790  2F92               	goto	u2291
   823  0791  2F93               	goto	u2290
   824  0792                     u2291:
   825  0792  2FAA               	goto	l1077
   826  0793                     u2290:
   827                           	line	113
   828                           	
   829  0793                     l2323:	
   830                           ;keypad add.c: 112: {
   831                           ;keypad add.c: 113: display(0x36);
   832  0793  3036               	movlw	low(036h)
   833  0794  00F2               	movwf	(?_display)
   834  0795  3000               	movlw	high(036h)
   835  0796  00F3               	movwf	((?_display))+1
   836  0797  120A  118A  264C   	fcall	_display
              120A  118A         
   837                           	line	114
   838                           	
   839  079C                     l2325:	
   840                           ;keypad add.c: 114: count++;
   841  079C  3001               	movlw	low(01h)
   842  079D  07F4               	addwf	(main@count),f
   843  079E  1803               	skipnc
   844  079F  0AF5               	incf	(main@count+1),f
   845  07A0  3000               	movlw	high(01h)
   846  07A1  07F5               	addwf	(main@count+1),f
   847                           	line	115
   848                           ;keypad add.c: 115: while(RC4==1);
   849  07A2  2FA3               	goto	l1078
   850                           	
   851  07A3                     l1079:	
   852                           	
   853  07A3                     l1078:	
   854  07A3  1283               	bcf	status, 5	;RP0=0, select bank0
   855  07A4  1303               	bcf	status, 6	;RP1=0, select bank0
   856  07A5  1A07               	btfsc	(60/8),(60)&7
   857  07A6  2FA8               	goto	u2301
   858  07A7  2FA9               	goto	u2300
   859  07A8                     u2301:
   860  07A8  2FA3               	goto	l1078
   861  07A9                     u2300:
   862  07A9  2FAA               	goto	l1077
   863                           	
   864  07AA                     l1080:	
   865                           	line	116
   866                           	
   867  07AA                     l1077:	
   868                           	line	117
   869                           ;keypad add.c: 116: }
   870                           ;keypad add.c: 117: if(RC5==1)
   871  07AA  1E87               	btfss	(61/8),(61)&7
   872  07AB  2FAD               	goto	u2311
   873  07AC  2FAE               	goto	u2310
   874  07AD                     u2311:
   875  07AD  2FC5               	goto	l1081
   876  07AE                     u2310:
   877                           	line	119
   878                           	
   879  07AE                     l2327:	
   880                           ;keypad add.c: 118: {
   881                           ;keypad add.c: 119: display(0x39);
   882  07AE  3039               	movlw	low(039h)
   883  07AF  00F2               	movwf	(?_display)
   884  07B0  3000               	movlw	high(039h)
   885  07B1  00F3               	movwf	((?_display))+1
   886  07B2  120A  118A  264C   	fcall	_display
              120A  118A         
   887                           	line	120
   888                           	
   889  07B7                     l2329:	
   890                           ;keypad add.c: 120: count++;
   891  07B7  3001               	movlw	low(01h)
   892  07B8  07F4               	addwf	(main@count),f
   893  07B9  1803               	skipnc
   894  07BA  0AF5               	incf	(main@count+1),f
   895  07BB  3000               	movlw	high(01h)
   896  07BC  07F5               	addwf	(main@count+1),f
   897                           	line	121
   898                           ;keypad add.c: 121: while(RC5==1) ;
   899  07BD  2FBE               	goto	l1082
   900                           	
   901  07BE                     l1083:	
   902                           	
   903  07BE                     l1082:	
   904  07BE  1283               	bcf	status, 5	;RP0=0, select bank0
   905  07BF  1303               	bcf	status, 6	;RP1=0, select bank0
   906  07C0  1A87               	btfsc	(61/8),(61)&7
   907  07C1  2FC3               	goto	u2321
   908  07C2  2FC4               	goto	u2320
   909  07C3                     u2321:
   910  07C3  2FBE               	goto	l1082
   911  07C4                     u2320:
   912  07C4  2FC5               	goto	l1081
   913                           	
   914  07C5                     l1084:	
   915                           	line	122
   916                           	
   917  07C5                     l1081:	
   918                           	line	129
   919                           ;keypad add.c: 122: }
   920                           ;keypad add.c: 129: RC1=0;RC2=0;RC0=1;
   921  07C5  1087               	bcf	(57/8),(57)&7
   922  07C6  1107               	bcf	(58/8),(58)&7
   923  07C7  1407               	bsf	(56/8),(56)&7
   924                           	line	130
   925                           ;keypad add.c: 130: if(RC6==1)
   926  07C8  1F07               	btfss	(62/8),(62)&7
   927  07C9  2FCB               	goto	u2331
   928  07CA  2FCC               	goto	u2330
   929  07CB                     u2331:
   930  07CB  2EC7               	goto	l2287
   931  07CC                     u2330:
   932                           	line	132
   933                           	
   934  07CC                     l2331:	
   935                           ;keypad add.c: 131: {
   936                           ;keypad add.c: 132: if(count==10)
   937  07CC  300A               	movlw	0Ah
   938  07CD  0674               	xorwf	(main@count),w
   939  07CE  0475               	iorwf	(main@count+1),w
   940  07CF  1D03               	skipz
   941  07D0  2FD2               	goto	u2341
   942  07D1  2FD3               	goto	u2340
   943  07D2                     u2341:
   944  07D2  2FE3               	goto	l2337
   945  07D3                     u2340:
   946                           	line	134
   947                           	
   948  07D3                     l2333:	
   949                           ;keypad add.c: 133: {
   950                           ;keypad add.c: 134: address(0xc0);
   951  07D3  30C0               	movlw	low(0C0h)
   952  07D4  00F2               	movwf	(?_address)
   953  07D5  3000               	movlw	high(0C0h)
   954  07D6  00F3               	movwf	((?_address))+1
   955  07D7  120A  118A  2640   	fcall	_address
              120A  118A         
   956                           	line	135
   957                           	
   958  07DC                     l2335:	
   959                           ;keypad add.c: 135: call("calling");
   960  07DC  300B               	movlw	((STR_1-__stringbase))&0ffh
   961  07DD  120A  118A  2671   	fcall	_call
              120A  118A         
   962  07E2  2FE3               	goto	l2337
   963                           	line	136
   964                           	
   965  07E3                     l1086:	
   966                           	line	137
   967                           	
   968  07E3                     l2337:	
   969                           ;keypad add.c: 136: }
   970                           ;keypad add.c: 137: if(count!=10)
   971  07E3  300A               	movlw	0Ah
   972  07E4  0674               	xorwf	(main@count),w
   973  07E5  0475               	iorwf	(main@count+1),w
   974  07E6  1903               	skipnz
   975  07E7  2FE9               	goto	u2351
   976  07E8  2FEA               	goto	u2350
   977  07E9                     u2351:
   978  07E9  2EC7               	goto	l2287
   979  07EA                     u2350:
   980                           	line	139
   981                           	
   982  07EA                     l2339:	
   983                           ;keypad add.c: 138: {
   984                           ;keypad add.c: 139: address(0xC0);
   985  07EA  30C0               	movlw	low(0C0h)
   986  07EB  00F2               	movwf	(?_address)
   987  07EC  3000               	movlw	high(0C0h)
   988  07ED  00F3               	movwf	((?_address))+1
   989  07EE  120A  118A  2640   	fcall	_address
              120A  118A         
   990                           	line	140
   991                           	
   992  07F3                     l2341:	
   993                           ;keypad add.c: 140: call("not valid");
   994  07F3  3001               	movlw	((STR_2-__stringbase))&0ffh
   995  07F4  120A  118A  2671   	fcall	_call
              120A  118A         
   996  07F9  2EC7               	goto	l2287
   997                           	line	141
   998                           	
   999  07FA                     l1087:	
  1000  07FA  2EC7               	goto	l2287
  1001                           	line	142
  1002                           	
  1003  07FB                     l1085:	
  1004  07FB  2EC7               	goto	l2287
  1005                           	line	143
  1006                           	
  1007  07FC                     l1088:	
  1008                           	line	58
  1009  07FC  2EC7               	goto	l2287
  1010                           	
  1011  07FD                     l1089:	
  1012                           	line	144
  1013                           	
  1014  07FD                     l1090:	
  1015                           	global	start
  1016  07FD  120A  118A  2800   	ljmp	start
  1017                           	opt stack 0
  1018                           GLOBAL	__end_of_main
  1019  0800                     	__end_of_main:
  1020 ;; =============== function _main ends ============
  1021                           
  1022                           	signat	_main,88
  1023                           	global	_display
  1024                           psect	text121,local,class=CODE,delta=2
  1025                           global __ptext121
  1026  064C                     __ptext121:
  1027                           
  1028 ;; *************** function _display *****************
  1029 ;; Defined at:
  1030 ;;		line 39 in file "D:\New folder\keypad add.c"
  1031 ;; Parameters:    Size  Location     Type
  1032 ;;  a               2    2[COMMON] int 
  1033 ;; Auto vars:     Size  Location     Type
  1034 ;;		None
  1035 ;; Return value:  Size  Location     Type
  1036 ;;		None               void
  1037 ;; Registers used:
  1038 ;;		wreg, status,2, status,0, pclath, cstack
  1039 ;; Tracked objects:
  1040 ;;		On entry : 0/0
  1041 ;;		On exit  : 0/0
  1042 ;;		Unchanged: 0/0
  1043 ;; Data sizes:     COMMON   BANK0   BANK1   BANK3   BANK2
  1044 ;;      Params:         2       0       0       0       0
  1045 ;;      Locals:         0       0       0       0       0
  1046 ;;      Temps:          0       0       0       0       0
  1047 ;;      Totals:         2       0       0       0       0
  1048 ;;Total ram usage:        2 bytes
  1049 ;; Hardware stack levels used:    1
  1050 ;; Hardware stack levels required when called:    1
  1051 ;; This function calls:
  1052 ;;		_pulse
  1053 ;; This function is called by:
  1054 ;;		_main
  1055 ;; This function uses a non-reentrant model
  1056 ;;
  1057                           psect	text121
  1058                           	file	"D:\New folder\keypad add.c"
  1059                           	line	39
  1060                           	global	__size_of_display
  1061  000C                     	__size_of_display	equ	__end_of_display-_display
  1062                           	
  1063  064C                     _display:	
  1064                           	opt	stack 6
  1065                           ; Regs used in _display: [wreg+status,2+status,0+pclath+cstack]
  1066                           	line	40
  1067                           	
  1068  064C                     l2263:	
  1069                           ;keypad add.c: 40: RB0=1;RB1=0;
  1070  064C  1283               	bcf	status, 5	;RP0=0, select bank0
  1071  064D  1303               	bcf	status, 6	;RP1=0, select bank0
  1072  064E  1406               	bsf	(48/8),(48)&7
  1073  064F  1086               	bcf	(49/8),(49)&7
  1074                           	line	41
  1075                           	
  1076  0650                     l2265:	
  1077                           ;keypad add.c: 41: PORTA=a;
  1078  0650  0872               	movf	(display@a),w
  1079  0651  0085               	movwf	(5)	;volatile
  1080                           	line	42
  1081                           	
  1082  0652                     l2267:	
  1083                           ;keypad add.c: 42: pulse();
  1084  0652  120A  118A  2658   	fcall	_pulse
              120A  118A         
  1085                           	line	43
  1086                           	
  1087  0657                     l1045:	
  1088  0657  0008               	return
  1089                           	opt stack 0
  1090                           GLOBAL	__end_of_display
  1091  0658                     	__end_of_display:
  1092 ;; =============== function _display ends ============
  1093                           
  1094                           	signat	_display,4216
  1095                           	global	_address
  1096                           psect	text122,local,class=CODE,delta=2
  1097                           global __ptext122
  1098  0640                     __ptext122:
  1099                           
  1100 ;; *************** function _address *****************
  1101 ;; Defined at:
  1102 ;;		line 33 in file "D:\New folder\keypad add.c"
  1103 ;; Parameters:    Size  Location     Type
  1104 ;;  c               2    2[COMMON] int 
  1105 ;; Auto vars:     Size  Location     Type
  1106 ;;		None
  1107 ;; Return value:  Size  Location     Type
  1108 ;;		None               void
  1109 ;; Registers used:
  1110 ;;		wreg, status,2, status,0, pclath, cstack
  1111 ;; Tracked objects:
  1112 ;;		On entry : 0/0
  1113 ;;		On exit  : 0/0
  1114 ;;		Unchanged: 0/0
  1115 ;; Data sizes:     COMMON   BANK0   BANK1   BANK3   BANK2
  1116 ;;      Params:         2       0       0       0       0
  1117 ;;      Locals:         0       0       0       0       0
  1118 ;;      Temps:          0       0       0       0       0
  1119 ;;      Totals:         2       0       0       0       0
  1120 ;;Total ram usage:        2 bytes
  1121 ;; Hardware stack levels used:    1
  1122 ;; Hardware stack levels required when called:    1
  1123 ;; This function calls:
  1124 ;;		_pulse
  1125 ;; This function is called by:
  1126 ;;		_main
  1127 ;; This function uses a non-reentrant model
  1128 ;;
  1129                           psect	text122
  1130                           	file	"D:\New folder\keypad add.c"
  1131                           	line	33
  1132                           	global	__size_of_address
  1133  000C                     	__size_of_address	equ	__end_of_address-_address
  1134                           	
  1135  0640                     _address:	
  1136                           	opt	stack 6
  1137                           ; Regs used in _address: [wreg+status,2+status,0+pclath+cstack]
  1138                           	line	34
  1139                           	
  1140  0640                     l2257:	
  1141                           ;keypad add.c: 34: RB0=0;RB1=0;
  1142  0640  1283               	bcf	status, 5	;RP0=0, select bank0
  1143  0641  1303               	bcf	status, 6	;RP1=0, select bank0
  1144  0642  1006               	bcf	(48/8),(48)&7
  1145  0643  1086               	bcf	(49/8),(49)&7
  1146                           	line	35
  1147                           	
  1148  0644                     l2259:	
  1149                           ;keypad add.c: 35: PORTA=c;
  1150  0644  0872               	movf	(address@c),w
  1151  0645  0085               	movwf	(5)	;volatile
  1152                           	line	36
  1153                           	
  1154  0646                     l2261:	
  1155                           ;keypad add.c: 36: pulse();
  1156  0646  120A  118A  2658   	fcall	_pulse
              120A  118A         
  1157                           	line	37
  1158                           	
  1159  064B                     l1042:	
  1160  064B  0008               	return
  1161                           	opt stack 0
  1162                           GLOBAL	__end_of_address
  1163  064C                     	__end_of_address:
  1164 ;; =============== function _address ends ============
  1165                           
  1166                           	signat	_address,4216
  1167                           	global	_call
  1168                           psect	text123,local,class=CODE,delta=2
  1169                           global __ptext123
  1170  0671                     __ptext123:
  1171                           
  1172 ;; *************** function _call *****************
  1173 ;; Defined at:
  1174 ;;		line 23 in file "D:\New folder\keypad add.c"
  1175 ;; Parameters:    Size  Location     Type
  1176 ;;  name            1    wreg     PTR unsigned char 
  1177 ;;		 -> STR_2(10), STR_1(8), 
  1178 ;; Auto vars:     Size  Location     Type
  1179 ;;  name            1    3[COMMON] PTR unsigned char 
  1180 ;;		 -> STR_2(10), STR_1(8), 
  1181 ;; Return value:  Size  Location     Type
  1182 ;;		None               void
  1183 ;; Registers used:
  1184 ;;		wreg, fsr0l, fsr0h, status,2, status,0, pclath, cstack
  1185 ;; Tracked objects:
  1186 ;;		On entry : 0/0
  1187 ;;		On exit  : 0/0
  1188 ;;		Unchanged: 0/0
  1189 ;; Data sizes:     COMMON   BANK0   BANK1   BANK3   BANK2
  1190 ;;      Params:         0       0       0       0       0
  1191 ;;      Locals:         1       0       0       0       0
  1192 ;;      Temps:          1       0       0       0       0
  1193 ;;      Totals:         2       0       0       0       0
  1194 ;;Total ram usage:        2 bytes
  1195 ;; Hardware stack levels used:    1
  1196 ;; Hardware stack levels required when called:    1
  1197 ;; This function calls:
  1198 ;;		_pulse
  1199 ;; This function is called by:
  1200 ;;		_main
  1201 ;; This function uses a non-reentrant model
  1202 ;;
  1203                           psect	text123
  1204                           	file	"D:\New folder\keypad add.c"
  1205                           	line	23
  1206                           	global	__size_of_call
  1207  0028                     	__size_of_call	equ	__end_of_call-_call
  1208                           	
  1209  0671                     _call:	
  1210                           	opt	stack 6
  1211                           ; Regs used in _call: [wreg-fsr0h+status,2+status,0+pclath+cstack]
  1212                           ;call@name stored from wreg
  1213  0671  00F3               	movwf	(call@name)
  1214                           	line	24
  1215                           	
  1216  0672                     l2247:	
  1217                           ;keypad add.c: 24: RB0=1;RB1=0;
  1218  0672  1283               	bcf	status, 5	;RP0=0, select bank0
  1219  0673  1303               	bcf	status, 6	;RP1=0, select bank0
  1220  0674  1406               	bsf	(48/8),(48)&7
  1221  0675  1086               	bcf	(49/8),(49)&7
  1222                           	line	26
  1223                           ;keypad add.c: 26: while(*name)
  1224  0676  2E8B               	goto	l2255
  1225                           	
  1226  0677                     l1037:	
  1227                           	line	28
  1228                           	
  1229  0677                     l2249:	
  1230                           ;keypad add.c: 27: {
  1231                           ;keypad add.c: 28: PORTA=*name++;
  1232  0677  0873               	movf	(call@name),w
  1233  0678  0084               	movwf	fsr0
  1234  0679  120A  118A  2003   	fcall	stringdir
              120A  118A         
  1235  067E  1283               	bcf	status, 5	;RP0=0, select bank0
  1236  067F  1303               	bcf	status, 6	;RP1=0, select bank0
  1237  0680  0085               	movwf	(5)	;volatile
  1238                           	
  1239  0681                     l2251:	
  1240  0681  3001               	movlw	(01h)
  1241  0682  00F2               	movwf	(??_call+0)+0
  1242  0683  0872               	movf	(??_call+0)+0,w
  1243  0684  07F3               	addwf	(call@name),f
  1244                           	line	29
  1245                           	
  1246  0685                     l2253:	
  1247                           ;keypad add.c: 29: pulse();
  1248  0685  120A  118A  2658   	fcall	_pulse
              120A  118A         
  1249  068A  2E8B               	goto	l2255
  1250                           	line	30
  1251                           	
  1252  068B                     l1036:	
  1253                           	line	26
  1254                           	
  1255  068B                     l2255:	
  1256  068B  0873               	movf	(call@name),w
  1257  068C  0084               	movwf	fsr0
  1258  068D  120A  118A  2003   	fcall	stringdir
              120A  118A         
  1259  0692  3800               	iorlw	0
  1260  0693  1D03               	skipz
  1261  0694  2E96               	goto	u2141
  1262  0695  2E97               	goto	u2140
  1263  0696                     u2141:
  1264  0696  2E77               	goto	l2249
  1265  0697                     u2140:
  1266  0697  2E98               	goto	l1039
  1267                           	
  1268  0698                     l1038:	
  1269                           	line	31
  1270                           	
  1271  0698                     l1039:	
  1272  0698  0008               	return
  1273                           	opt stack 0
  1274                           GLOBAL	__end_of_call
  1275  0699                     	__end_of_call:
  1276 ;; =============== function _call ends ============
  1277                           
  1278                           	signat	_call,4216
  1279                           	global	_on
  1280                           psect	text124,local,class=CODE,delta=2
  1281                           global __ptext124
  1282  0634                     __ptext124:
  1283                           
  1284 ;; *************** function _on *****************
  1285 ;; Defined at:
  1286 ;;		line 17 in file "D:\New folder\keypad add.c"
  1287 ;; Parameters:    Size  Location     Type
  1288 ;;		None
  1289 ;; Auto vars:     Size  Location     Type
  1290 ;;		None
  1291 ;; Return value:  Size  Location     Type
  1292 ;;		None               void
  1293 ;; Registers used:
  1294 ;;		wreg, status,2, status,0, pclath, cstack
  1295 ;; Tracked objects:
  1296 ;;		On entry : 0/0
  1297 ;;		On exit  : 0/0
  1298 ;;		Unchanged: 0/0
  1299 ;; Data sizes:     COMMON   BANK0   BANK1   BANK3   BANK2
  1300 ;;      Params:         0       0       0       0       0
  1301 ;;      Locals:         0       0       0       0       0
  1302 ;;      Temps:          0       0       0       0       0
  1303 ;;      Totals:         0       0       0       0       0
  1304 ;;Total ram usage:        0 bytes
  1305 ;; Hardware stack levels used:    1
  1306 ;; Hardware stack levels required when called:    1
  1307 ;; This function calls:
  1308 ;;		_pulse
  1309 ;; This function is called by:
  1310 ;;		_main
  1311 ;; This function uses a non-reentrant model
  1312 ;;
  1313                           psect	text124
  1314                           	file	"D:\New folder\keypad add.c"
  1315                           	line	17
  1316                           	global	__size_of_on
  1317  000C                     	__size_of_on	equ	__end_of_on-_on
  1318                           	
  1319  0634                     _on:	
  1320                           	opt	stack 6
  1321                           ; Regs used in _on: [wreg+status,2+status,0+pclath+cstack]
  1322                           	line	18
  1323                           	
  1324  0634                     l2241:	
  1325                           ;keypad add.c: 18: RB0=0;RB1=0;
  1326  0634  1283               	bcf	status, 5	;RP0=0, select bank0
  1327  0635  1303               	bcf	status, 6	;RP1=0, select bank0
  1328  0636  1006               	bcf	(48/8),(48)&7
  1329  0637  1086               	bcf	(49/8),(49)&7
  1330                           	line	19
  1331                           	
  1332  0638                     l2243:	
  1333                           ;keypad add.c: 19: PORTA=0X0E;
  1334  0638  300E               	movlw	(0Eh)
  1335  0639  0085               	movwf	(5)	;volatile
  1336                           	line	20
  1337                           	
  1338  063A                     l2245:	
  1339                           ;keypad add.c: 20: pulse();
  1340  063A  120A  118A  2658   	fcall	_pulse
              120A  118A         
  1341                           	line	21
  1342                           	
  1343  063F                     l1033:	
  1344  063F  0008               	return
  1345                           	opt stack 0
  1346                           GLOBAL	__end_of_on
  1347  0640                     	__end_of_on:
  1348 ;; =============== function _on ends ============
  1349                           
  1350                           	signat	_on,88
  1351                           	global	_type
  1352                           psect	text125,local,class=CODE,delta=2
  1353                           global __ptext125
  1354  0628                     __ptext125:
  1355                           
  1356 ;; *************** function _type *****************
  1357 ;; Defined at:
  1358 ;;		line 11 in file "D:\New folder\keypad add.c"
  1359 ;; Parameters:    Size  Location     Type
  1360 ;;		None
  1361 ;; Auto vars:     Size  Location     Type
  1362 ;;		None
  1363 ;; Return value:  Size  Location     Type
  1364 ;;		None               void
  1365 ;; Registers used:
  1366 ;;		wreg, status,2, status,0, pclath, cstack
  1367 ;; Tracked objects:
  1368 ;;		On entry : 0/0
  1369 ;;		On exit  : 0/0
  1370 ;;		Unchanged: 0/0
  1371 ;; Data sizes:     COMMON   BANK0   BANK1   BANK3   BANK2
  1372 ;;      Params:         0       0       0       0       0
  1373 ;;      Locals:         0       0       0       0       0
  1374 ;;      Temps:          0       0       0       0       0
  1375 ;;      Totals:         0       0       0       0       0
  1376 ;;Total ram usage:        0 bytes
  1377 ;; Hardware stack levels used:    1
  1378 ;; Hardware stack levels required when called:    1
  1379 ;; This function calls:
  1380 ;;		_pulse
  1381 ;; This function is called by:
  1382 ;;		_main
  1383 ;; This function uses a non-reentrant model
  1384 ;;
  1385                           psect	text125
  1386                           	file	"D:\New folder\keypad add.c"
  1387                           	line	11
  1388                           	global	__size_of_type
  1389  000C                     	__size_of_type	equ	__end_of_type-_type
  1390                           	
  1391  0628                     _type:	
  1392                           	opt	stack 6
  1393                           ; Regs used in _type: [wreg+status,2+status,0+pclath+cstack]
  1394                           	line	12
  1395                           	
  1396  0628                     l2235:	
  1397                           ;keypad add.c: 12: RB0=0;RB1=0;
  1398  0628  1283               	bcf	status, 5	;RP0=0, select bank0
  1399  0629  1303               	bcf	status, 6	;RP1=0, select bank0
  1400  062A  1006               	bcf	(48/8),(48)&7
  1401  062B  1086               	bcf	(49/8),(49)&7
  1402                           	line	13
  1403                           	
  1404  062C                     l2237:	
  1405                           ;keypad add.c: 13: PORTA=0X38;
  1406  062C  3038               	movlw	(038h)
  1407  062D  0085               	movwf	(5)	;volatile
  1408                           	line	14
  1409                           	
  1410  062E                     l2239:	
  1411                           ;keypad add.c: 14: pulse();
  1412  062E  120A  118A  2658   	fcall	_pulse
              120A  118A         
  1413                           	line	15
  1414                           	
  1415  0633                     l1030:	
  1416  0633  0008               	return
  1417                           	opt stack 0
  1418                           GLOBAL	__end_of_type
  1419  0634                     	__end_of_type:
  1420 ;; =============== function _type ends ============
  1421                           
  1422                           	signat	_type,88
  1423                           	global	_pulse
  1424                           psect	text126,local,class=CODE,delta=2
  1425                           global __ptext126
  1426  0658                     __ptext126:
  1427                           
  1428 ;; *************** function _pulse *****************
  1429 ;; Defined at:
  1430 ;;		line 4 in file "D:\New folder\keypad add.c"
  1431 ;; Parameters:    Size  Location     Type
  1432 ;;		None
  1433 ;; Auto vars:     Size  Location     Type
  1434 ;;		None
  1435 ;; Return value:  Size  Location     Type
  1436 ;;		None               void
  1437 ;; Registers used:
  1438 ;;		wreg
  1439 ;; Tracked objects:
  1440 ;;		On entry : 0/0
  1441 ;;		On exit  : 0/0
  1442 ;;		Unchanged: 0/0
  1443 ;; Data sizes:     COMMON   BANK0   BANK1   BANK3   BANK2
  1444 ;;      Params:         0       0       0       0       0
  1445 ;;      Locals:         0       0       0       0       0
  1446 ;;      Temps:          2       0       0       0       0
  1447 ;;      Totals:         2       0       0       0       0
  1448 ;;Total ram usage:        2 bytes
  1449 ;; Hardware stack levels used:    1
  1450 ;; This function calls:
  1451 ;;		Nothing
  1452 ;; This function is called by:
  1453 ;;		_type
  1454 ;;		_on
  1455 ;;		_call
  1456 ;;		_address
  1457 ;;		_display
  1458 ;; This function uses a non-reentrant model
  1459 ;;
  1460                           psect	text126
  1461                           	file	"D:\New folder\keypad add.c"
  1462                           	line	4
  1463                           	global	__size_of_pulse
  1464  0019                     	__size_of_pulse	equ	__end_of_pulse-_pulse
  1465                           	
  1466  0658                     _pulse:	
  1467                           	opt	stack 6
  1468                           ; Regs used in _pulse: [wreg]
  1469                           	line	5
  1470                           	
  1471  0658                     l2229:	
  1472                           ;keypad add.c: 5: RB2=1;
  1473  0658  1283               	bcf	status, 5	;RP0=0, select bank0
  1474  0659  1303               	bcf	status, 6	;RP1=0, select bank0
  1475  065A  1506               	bsf	(50/8),(50)&7
  1476                           	line	6
  1477                           	
  1478  065B                     l2231:	
  1479                           ;keypad add.c: 6: _delay((unsigned long)((1000)*(400000/4000.0)));
  1480                           	opt asmopt_off
  1481  065B  3082               movlw	130
  1482  065C  00F1               movwf	((??_pulse+0)+0+1),f
  1483  065D  30DD               	movlw	221
  1484  065E  00F0               movwf	((??_pulse+0)+0),f
  1485  065F                     u2367:
  1486  065F  0BF0               	decfsz	((??_pulse+0)+0),f
  1487  0660  2E5F               	goto	u2367
  1488  0661  0BF1               	decfsz	((??_pulse+0)+0+1),f
  1489  0662  2E5F               	goto	u2367
  1490  0663  2E64               	nop2
  1491                           opt asmopt_on
  1492                           
  1493                           	line	7
  1494                           	
  1495  0664                     l2233:	
  1496                           ;keypad add.c: 7: RB2=0;
  1497  0664  1283               	bcf	status, 5	;RP0=0, select bank0
  1498  0665  1303               	bcf	status, 6	;RP1=0, select bank0
  1499  0666  1106               	bcf	(50/8),(50)&7
  1500                           	line	8
  1501                           ;keypad add.c: 8: _delay((unsigned long)((1000)*(400000/4000.0)));
  1502                           	opt asmopt_off
  1503  0667  3082               movlw	130
  1504  0668  00F1               movwf	((??_pulse+0)+0+1),f
  1505  0669  30DD               	movlw	221
  1506  066A  00F0               movwf	((??_pulse+0)+0),f
  1507  066B                     u2377:
  1508  066B  0BF0               	decfsz	((??_pulse+0)+0),f
  1509  066C  2E6B               	goto	u2377
  1510  066D  0BF1               	decfsz	((??_pulse+0)+0+1),f
  1511  066E  2E6B               	goto	u2377
  1512  066F  2E70               	nop2
  1513                           opt asmopt_on
  1514                           
  1515                           	line	9
  1516                           	
  1517  0670                     l1027:	
  1518  0670  0008               	return
  1519                           	opt stack 0
  1520                           GLOBAL	__end_of_pulse
  1521  0671                     	__end_of_pulse:
  1522 ;; =============== function _pulse ends ============
  1523                           
  1524                           	signat	_pulse,88
  1525                           psect	text127,local,class=CODE,delta=2
  1526                           global __ptext127
  1527  0000                     __ptext127:
  1528                           	global	btemp
  1529  007E                     	btemp set 07Eh
  1530                           
  1531                           	DABS	1,126,2	;btemp
  1532                           	global	wtemp0
  1533  007E                     	wtemp0 set btemp


HI-TECH Software PICC Macro Assembler V9.81 build 7503 
Symbol Table                                                                                   Thu Mar 23 14:31:16 2023

                   pc 0002                    _on 0634                    fsr 0004                   ?_on 0070  
                 _RB0 0030                   _RB1 0031                   _RC0 0038                   _RB2 0032  
                 _RC1 0039                   _RC2 003A                   _RC3 003B                   _RC4 003C  
                 _RC5 003D                   _RC6 003E                   fsr0 0004                  ??_on 0072  
                l1030 0633                  l1033 063F                  l1042 064B                  l1050 06E0  
                l1027 0670                  l1051 06E0                  l1036 068B                  l1060 071D  
                l1052 06E7                  l1037 0677                  l1045 0657                  l1061 073B  
                l1053 0702                  l1038 0698                  l1070 076A                  l1062 0734  
                l1054 06FB                  l1039 0698                  l1071 076A                  l1063 0734  
                l1055 06FB                  l1080 07AA                  l1072 0771                  l1064 073B  
                l1056 0702                  l1048 06C7                  l1081 07C5                  l1073 078F  
                l1065 0756                  l1057 071D                  l1049 06E7                  l1090 07FD  
                l1082 07BE                  l1074 0788                  l1066 074F                  l1058 0716  
                l1083 07BE                  l1075 0788                  l1067 074F                  l1059 0716  
                l1084 07C5                  l1076 078F                  l1068 0756                  l1085 07FB  
                l1077 07AA                  l1069 0771                  l2301 06F4                  l1086 07E3  
                l1078 07A3                  l2231 065B                  l1087 07FA                  l1079 07A3  
                l2311 073F                  l2303 0706                  l1088 07FC                  l2233 0664  
                l2241 0634                  l1089 07FD                  l2321 0781                  l2313 0748  
                l2305 070F                  l2235 0628                  l2243 0638                  l2251 0681  
                l2331 07CC                  l2323 0793                  l2315 075A                  l2307 0724  
                l2229 0658                  l2237 062C                  l2245 063A                  l2253 0685  
                l2261 0646                  l2341 07F3                  l2333 07D3                  l2325 079C  
                l2317 0763                  l2309 072D                  l2239 062E                  l2255 068B  
                l2247 0672                  l2263 064C                  l2335 07DC                  l2327 07AE  
                l2319 0778                  l2271 06A1                  l2249 0677                  l2257 0640  
                l2265 0650                  l2337 07E3                  l2329 07B7                  l2281 06B3  
                l2273 06A5                  l2259 0644                  l2267 0652                  l2339 07EA  
                l2291 06CB                  l2283 06B8                  l2275 06AC                  l2293 06CC  
                l2285 06BD                  l2277 06AF                  l2269 0699                  l2295 06D0  
                l2287 06C7                  l2279 06B2                  l2297 06D9                  l2289 06CA  
                l2299 06EB                  STR_1 0013                  STR_2 0009                  u2200 071C  
                u2201 071B                  u2210 0724                  u2211 0723                  u2140 0697  
                u2300 07A9                  u2220 073A                  u2141 0696                  u2301 07A8  
                u2221 0739                  u2310 07AE                  u2230 073F                  u2150 06D0  
                u2311 07AD                  u2231 073E                  u2151 06CF                  u2320 07C4  
                u2240 0755                  u2160 06E6                  u2321 07C3                  u2241 0754  
                u2161 06E5                  u2330 07CC                  u2250 075A                  u2170 06EB  
                u2331 07CB                  u2251 0759                  u2171 06EA                  u2340 07D3  
                u2260 0770                  u2180 0701                  u2341 07D2                  u2261 076F  
                u2181 0700                  u2350 07EA                  u2270 0778                  u2190 0706  
                u2351 07E9                  u2271 0777                  u2191 0705                  u2280 078E  
                u2281 078D                  u2290 0793                  u2291 0792                  u2367 065F  
                u2377 066B                  _call 0671                  _main 0699                  btemp 007E  
                _type 0628                  start 0000                 ?_call 0070                 ?_main 0070  
               _ANSEL 0188                 ?_type 0070       __end_of_address 064C                 _PORTA 0005  
               _PORTB 0006                 _PORTC 0007                 _TRISA 0085                 _TRISB 0086  
               _TRISC 0087       __end_of_display 0658                 _pulse 0658                 pclath 000A  
               status 0003                 wtemp0 007E          __end_of_call 0699          __end_of_main 0800  
        __end_of_type 0634                ??_call 0072                ??_main 0074                ??_type 0072  
              ?_pulse 0070                _ANSELH 0189             ??_address 0074             ??_display 0074  
      __pcstackCOMMON 0070         __end_of_pulse 0671            __end_of_on 0640               ??_pulse 0070  
          __pmaintext 0699               _address 0640               _display 064C  end_of_initialization 0624  
 start_initialization 0624             __ptext120 0000             __ptext121 064C             __ptext122 0640  
           __ptext123 0671             __ptext124 0634             __ptext125 0628             __ptext126 0658  
           __ptext127 0000              ?_address 0072             __pstrings 0003              ?_display 0072  
      __size_of_pulse 0019           __size_of_on 000C           __stringbase 0008             main@count 0074  
    __size_of_address 000C      __size_of_display 000C              call@name 0073              address@c 0072  
       __size_of_call 0028         __size_of_main 0167         __size_of_type 000C              display@a 0072  
           stringcode 0003              stringdir 0003              stringtab 0003  
