HI-TECH Software C Compiler 

Linker command line:

--edf=C:\Program Files (x86)\HI-TECH Software\PICC\9.81\dat\en_msgs.txt -cs \
  -h+interrupt segment.sym -z -Q16F887 -ol.obj -Minterrupt segment.map -E1 \
  -ACONST=00h-0FFhx32 -ACODE=00h-07FFhx4 -ASTRCODE=00h-01FFFh \
  -AENTRY=00h-0FFhx32 -ASTRING=00h-0FFhx32 -ABANK0=020h-06Fh \
  -ABANK1=0A0h-0EFh -ABANK2=0110h-016Fh -ABANK3=0190h-01EFh \
  -ARAM=020h-06Fh,0A0h-0EFh,0110h-016Fh,0190h-01EFh \
  -AABS1=020h-07Fh,0A0h-0EFh,0110h-016Fh,0190h-01EFh -ACOMMON=070h-07Fh \
  -ASFR0=00h-01Fh -ASFR1=080h-09Fh -ASFR2=0100h-010Fh -ASFR3=0180h-018Fh \
  -preset_vec=00h,intentry=04h,init,end_init -ppowerup=CODE -pfunctab=CODE \
  -ACONFIG=02007h-02008h -pconfig=CONFIG -DCONFIG=2 -AIDLOC=02000h-02003h \
  -pidloc=IDLOC -DIDLOC=2 -AEEDATA=00h-0FFh/02100h -peeprom_data=EEDATA \
  -DEEDATA=2 -DCODE=2 -DSTRCODE=2 -DSTRING=2 -DCONST=2 -DENTRY=2 -k \
  startup.obj interrupt segment.obj 

Object code version is 3.10

Machine type is 16F887



                Name                               Link     Load   Length Selector   Space Scale
startup.obj     end_init                             12       12        3        8       0
                reset_vec                             0        0        3        0       0
interrupt segment.obj
                intentry                              4        4        E        8       0
                text85                               89       89       64        8       0
                maintext                             15       15       74        8       0
                cstackBANK0                          20       20       1C       20       1
                cstackCOMMON                         70       70        8       70       1
                inittext                            113      113       11        8       0
                dataBANK0                            3C       3C       14       20       1
                cinit                               101      101       12        8       0
                idataBANK0                           ED       ED       14        8       0

TOTAL           Name                               Link     Load   Length     Space
        CLASS   CONST          

        CLASS   CODE           
                end_init                             12       12        3         0
                intentry                              4        4        E         0
                reset_vec                             0        0        3         0
                text85                               89       89       64         0
                maintext                             15       15       74         0
                inittext                            113      113       11         0
                cinit                               101      101       12         0
                idataBANK0                           ED       ED       14         0

        CLASS   STRCODE        

        CLASS   ENTRY          

        CLASS   STRING         

        CLASS   BANK0          
                cstackBANK0                          20       20       1C         1
                dataBANK0                            3C       3C       14         1

        CLASS   BANK1          

        CLASS   BANK2          

        CLASS   BANK3          

        CLASS   RAM            

        CLASS   ABS1           
                abs_s1                               7E       7E        2         1

        CLASS   COMMON         
                cstackCOMMON                         70       70        8         1

        CLASS   SFR0           

        CLASS   SFR1           

        CLASS   SFR2           

        CLASS   SFR3           

        CLASS   CONFIG         

        CLASS   IDLOC          

        CLASS   EEDATA         



SEGMENTS        Name                           Load    Length   Top    Selector   Space  Class     Delta

                reset_vec                      000000  000003  000003         0       0  CODE        2
                intentry                       000004  000120  000124         8       0  CODE        2
                cstackBANK0                    000020  000030  000050        20       1  BANK0       1
                cstackCOMMON                   000070  000008  000078        70       1  COMMON      1


UNUSED ADDRESS RANGES

        Name                Unused          Largest block    Delta
        BANK0            050-06F            20           1
        BANK1            0A0-0EF            50           1
        BANK2            110-16F            60           1
        BANK3            190-1EF            60           1
        CODE             003-003             1           2
                         124-1FFF           800
        COMMON           078-07D             6           1
        CONFIG           2007-2008             2           2
        CONST            003-003             1           2
                         124-1FFF           100
        EEDATA           2100-21FF           100           2
        ENTRY            003-003             1           2
                         124-1FFF           100
        IDLOC            2000-2003             4           2
        RAM              050-06F            20           1
                         0A0-0EF            50
                         110-16F            60
                         190-1EF            60
        SFR0             000-01F            20           1
        SFR1             080-09F            20           1
        SFR2             100-10F            10           1
        SFR3             180-18F            10           1
        STRCODE          003-003             1           2
                         124-1FFF          1EDC
        STRING           003-003             1           2
                         124-1FFF           100

                                  Symbol Table

??_main               cstackBANK0  02C  ??_nnn                cstackCOMMON 070
?_main                cstackCOMMON 070  ?_nnn                 cstackCOMMON 070
_ANSEL                (abs)        188  _ANSELH               (abs)        189
_GIE                  (abs)        05F  _INTE                 (abs)        05C
_INTF                 (abs)        059  _PEIE                 (abs)        05E
_PORTA                (abs)        005  _PORTB                (abs)        006
_PORTC                (abs)        007  _RB1                  (abs)        031
_TRISA                (abs)        085  _TRISB                (abs)        086
_TRISC                (abs)        087  __Habs1               abs1         000
__Hbank0              bank0        000  __Hbank1              bank1        000
__Hbank2              bank2        000  __Hbank3              bank3        000
__Hcinit              cinit        000  __Hclrtext            clrtext      000
__Hcode               code         000  __Hcommon             common       000
__Hconfig             config       000  __HcstackBANK0        cstackBANK0  000
__HcstackCOMMON       cstackCOMMON 000  __HdataBANK0          dataBANK0    000
__Heeprom_data        eeprom_data  000  __Hend_init           end_init     015
__Hfunctab            functab      000  __HidataBANK0         idataBANK0   000
__Hidloc              idloc        000  __Hinit               init         012
__Hinittext           inittext     000  __Hintentry           intentry     012
__Hmaintext           maintext     000  __Hpowerup            powerup      000
__Hram                ram          000  __Hreset_vec          reset_vec    003
__Hsfr0               sfr0         000  __Hsfr1               sfr1         000
__Hsfr2               sfr2         000  __Hsfr3               sfr3         000
__Hstrings            strings      000  __Htext               text         000
__Labs1               abs1         000  __Lbank0              bank0        000
__Lbank1              bank1        000  __Lbank2              bank2        000
__Lbank3              bank3        000  __Lcinit              cinit        000
__Lclrtext            clrtext      000  __Lcode               code         000
__Lcommon             common       000  __Lconfig             config       000
__LcstackBANK0        cstackBANK0  000  __LcstackCOMMON       cstackCOMMON 000
__LdataBANK0          dataBANK0    000  __Leeprom_data        eeprom_data  000
__Lend_init           end_init     012  __Lfunctab            functab      000
__LidataBANK0         idataBANK0   000  __Lidloc              idloc        000
__Linit               init         012  __Linittext           inittext     000
__Lintentry           intentry     004  __Lmaintext           maintext     000
__Lpowerup            powerup      000  __Lram                ram          000
__Lreset_vec          reset_vec    000  __Lsfr0               sfr0         000
__Lsfr1               sfr1         000  __Lsfr2               sfr2         000
__Lsfr3               sfr3         000  __Lstrings            strings      000
__Ltext               text         000  __S0                  (abs)        124
__S1                  (abs)        078  __S2                  (abs)        000
__end_of_main         maintext     089  __end_of_nnn          text85       0ED
__pcstackBANK0        cstackBANK0  020  __pcstackCOMMON       cstackCOMMON 070
__pdataBANK0          dataBANK0    03C  __pidataBANK0         idataBANK0   0ED
__pintentry           intentry     004  __pmaintext           maintext     015
__ptext85             text85       089  __ptext86             text86       000
__size_of_main        (abs)        000  __size_of_nnn         (abs)        000
_exit                 init         012  _main                 maintext     015
_nnn                  text85       089  btemp                 (abs)        07E
end_of_initialization cinit        10F  init_fetch            inittext     113
init_ram              inittext     117  interrupt_function    intentry     004
intlevel0             functab      000  intlevel1             functab      000
intlevel2             functab      000  intlevel3             functab      000
intlevel4             functab      000  intlevel5             functab      000
main@F1607            dataBANK0    03C  main@cc               cstackBANK0  030
main@i_1792           cstackBANK0  03A  nnn@F1601             dataBANK0    046
nnn@cc                cstackBANK0  020  nnn@i                 cstackBANK0  02A
reset_vec             reset_vec    000  saved_w               (abs)        07E
start                 init         012  start_initialization  cinit        101
wtemp0                (abs)        07E  
