

HI-TECH Software PIC LITE Macro Assembler V9.81 build 7503 
                                                                                               Tue Mar 28 14:59:27 2023

HI-TECH Software Omniscient Code Generator (Lite mode) build 7503
     1  0000                     opt subtitle "HI-TECH Software Omniscient Code Generator (Lite mode) build 7503"
     2                           
     3                           opt pagewidth 120
     4                           
     5                           	opt lm
     6                           
     7                           	processor	16F887
     8                           clrc	macro
     9                           	bcf	3,0
    10  0000                     	endm
    11                           clrz	macro
    12                           	bcf	3,2
    13  0000                     	endm
    14                           setc	macro
    15                           	bsf	3,0
    16  0000                     	endm
    17                           setz	macro
    18                           	bsf	3,2
    19  0000                     	endm
    20                           skipc	macro
    21                           	btfss	3,0
    22  0000                     	endm
    23                           skipz	macro
    24                           	btfss	3,2
    25  0000                     	endm
    26                           skipnc	macro
    27                           	btfsc	3,0
    28  0000                     	endm
    29                           skipnz	macro
    30                           	btfsc	3,2
    31  0000                     	endm
    32  0000                     indf	equ	0
    33  0000                     indf0	equ	0
    34  0002                     pc	equ	2
    35  0002                     pcl	equ	2
    36  0003                     status	equ	3
    37  0004                     fsr	equ	4
    38  0004                     fsr0	equ	4
    39  0001                     c	equ	1
    40  0000                     z	equ	0
    41  000A                     pclath	equ	10
    42                           	FNROOT	_main
    43                           	global	_PORTC
    44                           psect	maintext,global,class=CODE,delta=2
    45                           global __pmaintext
    46  079D                     __pmaintext:
    47  0007                     _PORTC	set	7
    48                           	global	_T1CON
    49  0010                     _T1CON	set	16
    50                           	global	_TMR1H
    51  000F                     _TMR1H	set	15
    52                           	global	_TMR1L
    53  000E                     _TMR1L	set	14
    54                           	global	_RC0
    55  0038                     _RC0	set	56
    56                           	global	_TMR1IF
    57  0060                     _TMR1IF	set	96
    58                           	global	_TRISC
    59  0087                     _TRISC	set	135
    60                           	file	"timer1.as"
    61                           	line	#
    62                           psect cinit,class=CODE,delta=2
    63                           global start_initialization
    64  0799                     start_initialization:
    65                           
    66                           psect cinit,class=CODE,delta=2
    67                           global end_of_initialization
    68                           
    69                           ;End of C runtime variable initialization code
    70                           
    71  0799                     end_of_initialization:
    72  0799  0183               clrf status
    73  079A  120A  118A  2F9D   ljmp _main	;jump to C main() function
    74                           psect	cstackCOMMON,class=COMMON,space=1
    75                           global __pcstackCOMMON
    76  0070                     __pcstackCOMMON:
    77                           	global	?_main
    78  0070                     ?_main:	; 0 bytes @ 0x0
    79                           	global	??_main
    80  0070                     ??_main:	; 0 bytes @ 0x0
    81                           	global	main@count
    82  0070                     main@count:	; 2 bytes @ 0x0
    83  0070                     	ds	2
    84 ;;Data sizes: Strings 0, constant 0, data 0, bss 0, persistent 0 stack 0
    85 ;;Auto spaces:   Size  Autos    Used
    86 ;; COMMON          14      2       2
    87 ;; BANK0           80      0       0
    88 ;; BANK1           80      0       0
    89 ;; BANK3           96      0       0
    90 ;; BANK2           96      0       0
    91                           
    92 ;;
    93 ;; Pointer list with targets:
    94                           
    95                           
    96                           
    97 ;;
    98 ;; Critical Paths under _main in COMMON
    99 ;;
   100 ;;   None.
   101 ;;
   102 ;; Critical Paths under _main in BANK0
   103 ;;
   104 ;;   None.
   105 ;;
   106 ;; Critical Paths under _main in BANK1
   107 ;;
   108 ;;   None.
   109 ;;
   110 ;; Critical Paths under _main in BANK3
   111 ;;
   112 ;;   None.
   113 ;;
   114 ;; Critical Paths under _main in BANK2
   115 ;;
   116 ;;   None.
   117                           
   118 ;;
   119 ;;Main: autosize = 0, tempsize = 0, incstack = 0, save=0
   120 ;;
   121                           
   122 ;;
   123 ;;Call Graph Tables:
   124 ;;
   125 ;; ---------------------------------------------------------------------------------
   126 ;; (Depth) Function   	        Calls       Base Space   Used Autos Params    Refs
   127 ;; ---------------------------------------------------------------------------------
   128 ;; (0) _main                                                 2     2      0      60
   129 ;;                                              0 COMMON     2     2      0
   130 ;; ---------------------------------------------------------------------------------
   131 ;; Estimated maximum stack depth 0
   132 ;; ---------------------------------------------------------------------------------
   133                           
   134 ;; Call Graph Graphs:
   135                           
   136 ;; _main (ROOT)
   137 ;;
   138                           
   139 ;; Address spaces:
   140                           
   141 ;;Name               Size   Autos  Total    Cost      Usage
   142 ;;BITCOMMON            E      0       0       0        0.0%
   143 ;;EEDATA             100      0       0       0        0.0%
   144 ;;NULL                 0      0       0       0        0.0%
   145 ;;CODE                 0      0       0       0        0.0%
   146 ;;COMMON               E      2       2       1       14.3%
   147 ;;BITSFR0              0      0       0       1        0.0%
   148 ;;SFR0                 0      0       0       1        0.0%
   149 ;;BITSFR1              0      0       0       2        0.0%
   150 ;;SFR1                 0      0       0       2        0.0%
   151 ;;STACK                0      0       0       2        0.0%
   152 ;;ABS                  0      0       0       3        0.0%
   153 ;;BITBANK0            50      0       0       4        0.0%
   154 ;;BITSFR3              0      0       0       4        0.0%
   155 ;;SFR3                 0      0       0       4        0.0%
   156 ;;BANK0               50      0       0       5        0.0%
   157 ;;BITSFR2              0      0       0       5        0.0%
   158 ;;SFR2                 0      0       0       5        0.0%
   159 ;;BITBANK1            50      0       0       6        0.0%
   160 ;;BANK1               50      0       0       7        0.0%
   161 ;;BITBANK3            60      0       0       8        0.0%
   162 ;;BANK3               60      0       0       9        0.0%
   163 ;;BITBANK2            60      0       0      10        0.0%
   164 ;;BANK2               60      0       0      11        0.0%
   165 ;;DATA                 0      0       0      12        0.0%
   166                           
   167                           	global	_main
   168                           psect	maintext
   169                           
   170 ;; *************** function _main *****************
   171 ;; Defined at:
   172 ;;		line 3 in file "D:\New folder\timer1.c"
   173 ;; Parameters:    Size  Location     Type
   174 ;;		None
   175 ;; Auto vars:     Size  Location     Type
   176 ;;  count           2    0[COMMON] int 
   177 ;; Return value:  Size  Location     Type
   178 ;;		None               void
   179 ;; Registers used:
   180 ;;		wreg, status,2, btemp+1
   181 ;; Tracked objects:
   182 ;;		On entry : 17F/0
   183 ;;		On exit  : 0/0
   184 ;;		Unchanged: 0/0
   185 ;; Data sizes:     COMMON   BANK0   BANK1   BANK3   BANK2
   186 ;;      Params:         0       0       0       0       0
   187 ;;      Locals:         2       0       0       0       0
   188 ;;      Temps:          0       0       0       0       0
   189 ;;      Totals:         2       0       0       0       0
   190 ;;Total ram usage:        2 bytes
   191 ;; This function calls:
   192 ;;		Nothing
   193 ;; This function is called by:
   194 ;;		Startup code after reset
   195 ;; This function uses a non-reentrant model
   196 ;;
   197                           psect	maintext
   198                           	file	"D:\New folder\timer1.c"
   199                           	line	3
   200                           	global	__size_of_main
   201  0063                     	__size_of_main	equ	__end_of_main-_main
   202                           	
   203  079D                     _main:	
   204                           	opt	stack 8
   205                           ; Regs used in _main: [wreg+status,2+btemp+1]
   206                           	line	5
   207                           	
   208  079D                     l1401:	
   209                           ;timer1.c: 4: int count;
   210                           ;timer1.c: 5: TRISC=0X00;
   211  079D  1683               	bsf	status, 5	;RP0=1, select bank1
   212  079E  1303               	bcf	status, 6	;RP1=0, select bank1
   213  079F  0187               	clrf	(135)^080h	;volatile
   214                           	line	6
   215                           ;timer1.c: 6: PORTC=0X00;
   216  07A0  1283               	bcf	status, 5	;RP0=0, select bank0
   217  07A1  1303               	bcf	status, 6	;RP1=0, select bank0
   218  07A2  0187               	clrf	(7)	;volatile
   219                           	line	7
   220                           	
   221  07A3                     l1403:	
   222                           ;timer1.c: 7: T1CON=0X39;
   223  07A3  3039               	movlw	(039h)
   224  07A4  0090               	movwf	(16)	;volatile
   225                           	line	8
   226                           	
   227  07A5                     l1405:	
   228                           ;timer1.c: 8: TMR1L=0X0C;
   229  07A5  300C               	movlw	(0Ch)
   230  07A6  008E               	movwf	(14)	;volatile
   231                           	line	9
   232                           	
   233  07A7                     l1407:	
   234                           ;timer1.c: 9: TMR1H=0XBC;
   235  07A7  30BC               	movlw	(0BCh)
   236  07A8  008F               	movwf	(15)	;volatile
   237  07A9  2FAA               	goto	l1409
   238                           	line	10
   239                           ;timer1.c: 10: while(1)
   240                           	
   241  07AA                     l1025:	
   242                           	line	12
   243                           	
   244  07AA                     l1409:	
   245                           ;timer1.c: 11: {
   246                           ;timer1.c: 12: if(TMR1IF==1)
   247  07AA  1283               	bcf	status, 5	;RP0=0, select bank0
   248  07AB  1303               	bcf	status, 6	;RP1=0, select bank0
   249  07AC  1C0C               	btfss	(96/8),(96)&7
   250  07AD  2FAF               	goto	u11
   251  07AE  2FB0               	goto	u10
   252  07AF                     u11:
   253  07AF  2FBC               	goto	l1415
   254  07B0                     u10:
   255                           	line	14
   256                           	
   257  07B0                     l1411:	
   258                           ;timer1.c: 13: {
   259                           ;timer1.c: 14: count++;
   260  07B0  3001               	movlw	low(01h)
   261  07B1  07F0               	addwf	(main@count),f
   262  07B2  1803               	skipnc
   263  07B3  0AF1               	incf	(main@count+1),f
   264  07B4  3000               	movlw	high(01h)
   265  07B5  07F1               	addwf	(main@count+1),f
   266                           	line	15
   267                           ;timer1.c: 15: TMR1L=0X0C;
   268  07B6  300C               	movlw	(0Ch)
   269  07B7  008E               	movwf	(14)	;volatile
   270                           	line	16
   271                           ;timer1.c: 16: TMR1H=0XBC;
   272  07B8  30BC               	movlw	(0BCh)
   273  07B9  008F               	movwf	(15)	;volatile
   274                           	line	17
   275                           	
   276  07BA                     l1413:	
   277                           ;timer1.c: 17: TMR1IF=0;
   278  07BA  100C               	bcf	(96/8),(96)&7
   279  07BB  2FBC               	goto	l1415
   280                           	line	18
   281                           	
   282  07BC                     l1026:	
   283                           	line	19
   284                           	
   285  07BC                     l1415:	
   286                           ;timer1.c: 18: }
   287                           ;timer1.c: 19: if(count<=2)
   288  07BC  0871               	movf	(main@count+1),w
   289  07BD  3A80               	xorlw	80h
   290  07BE  00FF               	movwf	btemp+1
   291  07BF  3080               	movlw	(high(03h))^80h
   292  07C0  027F               	subwf	btemp+1,w
   293  07C1  1D03               	skipz
   294  07C2  2FC5               	goto	u25
   295  07C3  3003               	movlw	low(03h)
   296  07C4  0270               	subwf	(main@count),w
   297  07C5                     u25:
   298                           
   299  07C5  1803               	skipnc
   300  07C6  2FC8               	goto	u21
   301  07C7  2FC9               	goto	u20
   302  07C8                     u21:
   303  07C8  2FCD               	goto	l1419
   304  07C9                     u20:
   305                           	line	21
   306                           	
   307  07C9                     l1417:	
   308                           ;timer1.c: 20: {
   309                           ;timer1.c: 21: RC0=1;
   310  07C9  1283               	bcf	status, 5	;RP0=0, select bank0
   311  07CA  1303               	bcf	status, 6	;RP1=0, select bank0
   312  07CB  1407               	bsf	(56/8),(56)&7
   313  07CC  2FCD               	goto	l1419
   314                           	line	22
   315                           	
   316  07CD                     l1027:	
   317                           	line	23
   318                           	
   319  07CD                     l1419:	
   320                           ;timer1.c: 22: }
   321                           ;timer1.c: 23: if(count>2&&count<=10)
   322  07CD  0871               	movf	(main@count+1),w
   323  07CE  3A80               	xorlw	80h
   324  07CF  00FF               	movwf	btemp+1
   325  07D0  3080               	movlw	(high(03h))^80h
   326  07D1  027F               	subwf	btemp+1,w
   327  07D2  1D03               	skipz
   328  07D3  2FD6               	goto	u35
   329  07D4  3003               	movlw	low(03h)
   330  07D5  0270               	subwf	(main@count),w
   331  07D6                     u35:
   332                           
   333  07D6  1C03               	skipc
   334  07D7  2FD9               	goto	u31
   335  07D8  2FDA               	goto	u30
   336  07D9                     u31:
   337  07D9  2FEB               	goto	l1425
   338  07DA                     u30:
   339                           	
   340  07DA                     l1421:	
   341  07DA  0871               	movf	(main@count+1),w
   342  07DB  3A80               	xorlw	80h
   343  07DC  00FF               	movwf	btemp+1
   344  07DD  3080               	movlw	(high(0Bh))^80h
   345  07DE  027F               	subwf	btemp+1,w
   346  07DF  1D03               	skipz
   347  07E0  2FE3               	goto	u45
   348  07E1  300B               	movlw	low(0Bh)
   349  07E2  0270               	subwf	(main@count),w
   350  07E3                     u45:
   351                           
   352  07E3  1803               	skipnc
   353  07E4  2FE6               	goto	u41
   354  07E5  2FE7               	goto	u40
   355  07E6                     u41:
   356  07E6  2FEB               	goto	l1425
   357  07E7                     u40:
   358                           	line	25
   359                           	
   360  07E7                     l1423:	
   361                           ;timer1.c: 24: {
   362                           ;timer1.c: 25: RC0=0;
   363  07E7  1283               	bcf	status, 5	;RP0=0, select bank0
   364  07E8  1303               	bcf	status, 6	;RP1=0, select bank0
   365  07E9  1007               	bcf	(56/8),(56)&7
   366  07EA  2FEB               	goto	l1425
   367                           	line	26
   368                           	
   369  07EB                     l1028:	
   370                           	line	27
   371                           	
   372  07EB                     l1425:	
   373                           ;timer1.c: 26: }
   374                           ;timer1.c: 27: if(count>10)
   375  07EB  0871               	movf	(main@count+1),w
   376  07EC  3A80               	xorlw	80h
   377  07ED  00FF               	movwf	btemp+1
   378  07EE  3080               	movlw	(high(0Bh))^80h
   379  07EF  027F               	subwf	btemp+1,w
   380  07F0  1D03               	skipz
   381  07F1  2FF4               	goto	u55
   382  07F2  300B               	movlw	low(0Bh)
   383  07F3  0270               	subwf	(main@count),w
   384  07F4                     u55:
   385                           
   386  07F4  1C03               	skipc
   387  07F5  2FF7               	goto	u51
   388  07F6  2FF8               	goto	u50
   389  07F7                     u51:
   390  07F7  2FAA               	goto	l1409
   391  07F8                     u50:
   392                           	line	29
   393                           	
   394  07F8                     l1427:	
   395                           ;timer1.c: 28: {
   396                           ;timer1.c: 29: count=0;
   397  07F8  01F0               	clrf	(main@count)
   398  07F9  01F1               	clrf	(main@count+1)
   399  07FA  2FAA               	goto	l1409
   400                           	line	30
   401                           	
   402  07FB                     l1029:	
   403  07FB  2FAA               	goto	l1409
   404                           	line	31
   405                           	
   406  07FC                     l1030:	
   407                           	line	10
   408  07FC  2FAA               	goto	l1409
   409                           	
   410  07FD                     l1031:	
   411                           	line	32
   412                           	
   413  07FD                     l1032:	
   414                           	global	start
   415  07FD  120A  118A  2800   	ljmp	start
   416                           	opt stack 0
   417                           GLOBAL	__end_of_main
   418  0800                     	__end_of_main:
   419 ;; =============== function _main ends ============
   420                           
   421                           	signat	_main,88
   422                           psect	maintext
   423                           	global	btemp
   424  007E                     	btemp set 07Eh
   425                           
   426                           	DABS	1,126,2	;btemp
   427                           	global	wtemp0
   428  007E                     	wtemp0 set btemp


HI-TECH Software PICC Macro Assembler V9.81 build 7503 
Symbol Table                                                                                   Tue Mar 28 14:59:27 2023

                  u10 07B0                    u11 07AF                    u20 07C9                    u21 07C8  
                  u30 07DA                    u31 07D9                    u40 07E7                    u41 07E6  
                  u25 07C5                    u50 07F8                    u51 07F7                    u35 07D6  
                  u45 07E3                    u55 07F4                   _RC0 0038                  l1030 07FC  
                l1031 07FD                  l1032 07FD                  l1025 07AA                  l1026 07BC  
                l1027 07CD                  l1028 07EB                  l1029 07FB                  l1401 079D  
                l1411 07B0                  l1403 07A3                  l1421 07DA                  l1413 07BA  
                l1405 07A5                  l1423 07E7                  l1415 07BC                  l1407 07A7  
                l1425 07EB                  l1417 07C9                  l1409 07AA                  l1427 07F8  
                l1419 07CD                  _main 079D                  btemp 007E                  start 0000  
               ?_main 0070                 _T1CON 0010                 _TMR1H 000F                 _TMR1L 000E  
               _PORTC 0007                 _TRISC 0087                 status 0003                 wtemp0 007E  
        __end_of_main 0800                ??_main 0070                _TMR1IF 0060        __pcstackCOMMON 0070  
          __pmaintext 079D  end_of_initialization 0799   start_initialization 0799             main@count 0070  
       __size_of_main 0063  
