HI-TECH Software C Compiler 

Linker command line:

--edf=C:\Program Files (x86)\HI-TECH Software\PICC\9.81\dat\en_msgs.txt -cs \
  -h+timer1 sec min.sym -z -Q16F887 -ol.obj -Mtimer1 sec min.map -E1 \
  -ACONST=00h-0FFhx32 -ACODE=00h-07FFhx4 -ASTRCODE=00h-01FFFh \
  -AENTRY=00h-0FFhx32 -ASTRING=00h-0FFhx32 -ABANK0=020h-06Fh \
  -ABANK1=0A0h-0EFh -ABANK2=0110h-016Fh -ABANK3=0190h-01EFh \
  -ARAM=020h-06Fh,0A0h-0EFh,0110h-016Fh,0190h-01EFh \
  -AABS1=020h-07Fh,0A0h-0EFh,0110h-016Fh,0190h-01EFh -ACOMMON=070h-07Fh \
  -ASFR0=00h-01Fh -ASFR1=080h-09Fh -ASFR2=0100h-010Fh -ASFR3=0180h-018Fh \
  -preset_vec=00h,intentry,init,end_init -ppowerup=CODE -pfunctab=CODE \
  -ACONFIG=02007h-02008h -pconfig=CONFIG -DCONFIG=2 -AIDLOC=02000h-02003h \
  -pidloc=IDLOC -DIDLOC=2 -AEEDATA=00h-0FFh/02100h -peeprom_data=EEDATA \
  -DEEDATA=2 -DCODE=2 -DSTRCODE=2 -DSTRING=2 -DCONST=2 -DENTRY=2 -k \
  startup.obj timer1 sec min.obj 

Object code version is 3.10

Machine type is 16F887



                Name                               Link     Load   Length Selector   Space Scale
startup.obj     end_init                              0        0        3        0       0
timer1 sec min.obj
                text122                             5A0      5A0       74      B40       0
                text121                             53A      53A       66      A74       0
                text120                             51A      51A        D      A34       0
                text119                             527      527       13      A4E       0
                maintext                            614      614      1EC      C28       0
                cstackBANK0                          20       20       12       20       1
                cstackCOMMON                         70       70        9       70       1
                cinit                               516      516        4      A2C       0

TOTAL           Name                               Link     Load   Length     Space
        CLASS   CONST          

        CLASS   CODE           
                end_init                              0        0        3         0
                text122                             5A0      5A0       74         0
                text121                             53A      53A       66         0
                text120                             51A      51A        D         0
                text119                             527      527       13         0
                maintext                            614      614      1EC         0
                cinit                               516      516        4         0

        CLASS   STRCODE        

        CLASS   ENTRY          

        CLASS   STRING         

        CLASS   BANK0          
                cstackBANK0                          20       20       12         1

        CLASS   BANK1          

        CLASS   BANK2          

        CLASS   BANK3          

        CLASS   RAM            

        CLASS   ABS1           
                abs_s1                               7E       7E        2         1

        CLASS   COMMON         
                cstackCOMMON                         70       70        9         1

        CLASS   SFR0           

        CLASS   SFR1           

        CLASS   SFR2           

        CLASS   SFR3           

        CLASS   CONFIG         

        CLASS   IDLOC          

        CLASS   EEDATA         



SEGMENTS        Name                           Load    Length   Top    Selector   Space  Class     Delta

                reset_vec                      000000  000003  000003         0       0  CODE        2
                cstackBANK0                    000020  000012  000032        20       1  BANK0       1
                cstackCOMMON                   000070  000009  000079        70       1  COMMON      1
                cinit                          000516  000004  00051A       A2C       0  CODE        2
                text120                        00051A  00000D  000527       A34       0  CODE        2
                text119                        000527  000013  00053A       A4E       0  CODE        2
                text121                        00053A  000066  0005A0       A74       0  CODE        2
                text122                        0005A0  000074  000614       B40       0  CODE        2
                maintext                       000614  0001EC  000800       C28       0  CODE        2


UNUSED ADDRESS RANGES

        Name                Unused          Largest block    Delta
        BANK0            0032-006F             3E           1
        BANK1            00A0-00EF             50           1
        BANK2            0110-016F             60           1
        BANK3            0190-01EF             60           1
        CODE             0003-0515            513           2
                         0800-1FFF            800
        COMMON           0079-007D              5           1
        CONFIG           2007-2008              2           2
        CONST            0003-0515            100           2
                         0800-1FFF            100
        EEDATA           2100-21FF            100           2
        ENTRY            0003-0515            100           2
                         0800-1FFF            100
        IDLOC            2000-2003              4           2
        RAM              0032-006F             3E           1
                         00A0-00EF             50
                         0110-016F             60
                         0190-01EF             60
        SFR0             0000-001F             20           1
        SFR1             0080-009F             20           1
        SFR2             0100-010F             10           1
        SFR3             0180-018F             10           1
        STRCODE          0003-0515            513           2
                         0800-1FFF           1800
        STRING           0003-0515            100           2
                         0800-1FFF            100

                                  Symbol Table

??___awdiv            cstackCOMMON 0074
??___awmod            cstackCOMMON 0074
??_display            cstackCOMMON 0074
??_main               cstackCOMMON 0079
??_pulse              cstackCOMMON 0070
?___awdiv             cstackCOMMON 0070
?___awmod             cstackCOMMON 0070
?_display             cstackCOMMON 0070
?_main                cstackCOMMON 0070
?_pulse               cstackCOMMON 0070
_ANSEL                (abs)        0188
_ANSELH               (abs)        0189
_OPTION_REG           (abs)        0081
_PORTA                (abs)        0005
_PORTB                (abs)        0006
_PORTC                (abs)        0007
_RB0                  (abs)        0030
_RB1                  (abs)        0031
_RB2                  (abs)        0032
_T0IF                 (abs)        005A
_TMR0                 (abs)        0001
_TRISA                (abs)        0085
_TRISB                (abs)        0086
_TRISC                (abs)        0087
__Habs1               abs1         0000
__Hbank0              bank0        0000
__Hbank1              bank1        0000
__Hbank2              bank2        0000
__Hbank3              bank3        0000
__Hcinit              cinit        0000
__Hclrtext            clrtext      0000
__Hcode               code         0000
__Hcommon             common       0000
__Hconfig             config       0000
__HcstackBANK0        cstackBANK0  0000
__HcstackCOMMON       cstackCOMMON 0000
__Heeprom_data        eeprom_data  0000
__Hend_init           end_init     0003
__Hfunctab            functab      0000
__Hidloc              idloc        0000
__Hinit               init         0000
__Hintentry           intentry     0000
__Hmaintext           maintext     0000
__Hpowerup            powerup      0000
__Hram                ram          0000
__Hreset_vec          reset_vec    0000
__Hsfr0               sfr0         0000
__Hsfr1               sfr1         0000
__Hsfr2               sfr2         0000
__Hsfr3               sfr3         0000
__Hstrings            strings      0000
__Htext               text         0000
__Labs1               abs1         0000
__Lbank0              bank0        0000
__Lbank1              bank1        0000
__Lbank2              bank2        0000
__Lbank3              bank3        0000
__Lcinit              cinit        0000
__Lclrtext            clrtext      0000
__Lcode               code         0000
__Lcommon             common       0000
__Lconfig             config       0000
__LcstackBANK0        cstackBANK0  0000
__LcstackCOMMON       cstackCOMMON 0000
__Leeprom_data        eeprom_data  0000
__Lend_init           end_init     0000
__Lfunctab            functab      0000
__Lidloc              idloc        0000
__Linit               init         0000
__Lintentry           intentry     0000
__Lmaintext           maintext     0000
__Lpowerup            powerup      0000
__Lram                ram          0000
__Lreset_vec          reset_vec    0000
__Lsfr0               sfr0         0000
__Lsfr1               sfr1         0000
__Lsfr2               sfr2         0000
__Lsfr3               sfr3         0000
__Lstrings            strings      0000
__Ltext               text         0000
__S0                  (abs)        0800
__S1                  (abs)        0079
__S2                  (abs)        0000
___awdiv              text122      05A0
___awdiv@counter      cstackCOMMON 0075
___awdiv@dividend     cstackCOMMON 0072
___awdiv@divisor      cstackCOMMON 0070
___awdiv@quotient     cstackCOMMON 0077
___awdiv@sign         cstackCOMMON 0076
___awmod              text121      053A
___awmod@counter      cstackCOMMON 0075
___awmod@dividend     cstackCOMMON 0072
___awmod@divisor      cstackCOMMON 0070
___awmod@sign         cstackCOMMON 0076
__end_of___awdiv      text122      0614
__end_of___awmod      text121      05A0
__end_of_display      text119      053A
__end_of_main         maintext     0800
__end_of_pulse        text120      0527
__pcstackBANK0        cstackBANK0  0020
__pcstackCOMMON       cstackCOMMON 0070
__pmaintext           maintext     0614
__ptext118            text118      0000
__ptext119            text119      0527
__ptext120            text120      051A
__ptext121            text121      053A
__ptext122            text122      05A0
__ptext123            text123      0000
__size_of___awdiv     (abs)        0000
__size_of___awmod     (abs)        0000
__size_of_display     (abs)        0000
__size_of_main        (abs)        0000
__size_of_pulse       (abs)        0000
_display              text119      0527
_exit                 init         0000
_main                 maintext     0614
_pulse                text120      051A
btemp                 (abs)        007E
display@a             cstackCOMMON 0070
display@b             cstackCOMMON 0072
end_of_initialization cinit        0516
intlevel0             functab      0000
intlevel1             functab      0000
intlevel2             functab      0000
intlevel3             functab      0000
intlevel4             functab      0000
intlevel5             functab      0000
main@count            cstackBANK0  0030
main@gob              cstackBANK0  0020
main@gob1             cstackBANK0  002C
main@gob2             cstackBANK0  0026
main@gobi             cstackBANK0  0028
main@sec              cstackBANK0  002E
main@sum              cstackBANK0  0022
main@sum1             cstackBANK0  002A
main@sum2             cstackBANK0  0024
reset_vec             reset_vec    0000
start                 init         0000
start_initialization  cinit        0516
wtemp0                (abs)        007E
